Component: ARM Compiler 5.06 update 7 (build 960) Tool: armlink [4d3601]

==============================================================================

Section Cross References

    startup_stm32f103xb.o(STACK) refers (Special) to heapauxi.o(.text) for __use_two_region_memory
    startup_stm32f103xb.o(HEAP) refers (Special) to heapauxi.o(.text) for __use_two_region_memory
    startup_stm32f103xb.o(RESET) refers (Special) to heapauxi.o(.text) for __use_two_region_memory
    startup_stm32f103xb.o(RESET) refers to startup_stm32f103xb.o(STACK) for __initial_sp
    startup_stm32f103xb.o(RESET) refers to startup_stm32f103xb.o(.text) for Reset_Handler
    startup_stm32f103xb.o(RESET) refers to stm32f1xx_it.o(i.NMI_Handler) for NMI_Handler
    startup_stm32f103xb.o(RESET) refers to stm32f1xx_it.o(i.HardFault_Handler) for HardFault_Handler
    startup_stm32f103xb.o(RESET) refers to stm32f1xx_it.o(i.MemManage_Handler) for MemManage_Handler
    startup_stm32f103xb.o(RESET) refers to stm32f1xx_it.o(i.BusFault_Handler) for BusFault_Handler
    startup_stm32f103xb.o(RESET) refers to stm32f1xx_it.o(i.UsageFault_Handler) for UsageFault_Handler
    startup_stm32f103xb.o(RESET) refers to stm32f1xx_it.o(i.SVC_Handler) for SVC_Handler
    startup_stm32f103xb.o(RESET) refers to stm32f1xx_it.o(i.DebugMon_Handler) for DebugMon_Handler
    startup_stm32f103xb.o(RESET) refers to stm32f1xx_it.o(i.PendSV_Handler) for PendSV_Handler
    startup_stm32f103xb.o(RESET) refers to stm32f1xx_it.o(i.SysTick_Handler) for SysTick_Handler
    startup_stm32f103xb.o(RESET) refers to stm32f1xx_it.o(i.DMA1_Channel4_IRQHandler) for DMA1_Channel4_IRQHandler
    startup_stm32f103xb.o(RESET) refers to stm32f1xx_it.o(i.DMA1_Channel5_IRQHandler) for DMA1_Channel5_IRQHandler
    startup_stm32f103xb.o(RESET) refers to stm32f1xx_it.o(i.USB_LP_CAN1_RX0_IRQHandler) for USB_LP_CAN1_RX0_IRQHandler
    startup_stm32f103xb.o(RESET) refers to stm32f1xx_it.o(i.TIM2_IRQHandler) for TIM2_IRQHandler
    startup_stm32f103xb.o(RESET) refers to stm32f1xx_it.o(i.USART1_IRQHandler) for USART1_IRQHandler
    startup_stm32f103xb.o(.text) refers (Special) to heapauxi.o(.text) for __use_two_region_memory
    startup_stm32f103xb.o(.text) refers to system_stm32f1xx.o(i.SystemInit) for SystemInit
    startup_stm32f103xb.o(.text) refers to __main.o(!!!main) for __main
    startup_stm32f103xb.o(.text) refers to startup_stm32f103xb.o(HEAP) for Heap_Mem
    startup_stm32f103xb.o(.text) refers to startup_stm32f103xb.o(STACK) for Stack_Mem
    main.o(i.SystemClock_Config) refers to rt_memclr_w.o(.text) for __aeabi_memclr4
    main.o(i.SystemClock_Config) refers to stm32f1xx_hal_rcc.o(i.HAL_RCC_OscConfig) for HAL_RCC_OscConfig
    main.o(i.SystemClock_Config) refers to stm32f1xx_hal_rcc.o(i.HAL_RCC_ClockConfig) for HAL_RCC_ClockConfig
    main.o(i.SystemClock_Config) refers to stm32f1xx_hal_rcc_ex.o(i.HAL_RCCEx_PeriphCLKConfig) for HAL_RCCEx_PeriphCLKConfig
    main.o(i.main) refers to stm32f1xx_hal.o(i.HAL_Init) for HAL_Init
    main.o(i.main) refers to main.o(i.SystemClock_Config) for SystemClock_Config
    main.o(i.main) refers to gpio.o(i.MX_GPIO_Init) for MX_GPIO_Init
    main.o(i.main) refers to dma.o(i.MX_DMA_Init) for MX_DMA_Init
    main.o(i.main) refers to tim.o(i.MX_TIM2_Init) for MX_TIM2_Init
    main.o(i.main) refers to tim.o(i.MX_TIM3_Init) for MX_TIM3_Init
    main.o(i.main) refers to i2c.o(i.MX_I2C2_Init) for MX_I2C2_Init
    main.o(i.main) refers to usart.o(i.MX_USART1_UART_Init) for MX_USART1_UART_Init
    main.o(i.main) refers to usb_device.o(i.MX_USB_DEVICE_Init) for MX_USB_DEVICE_Init
    main.o(i.main) refers to stm32f1xx_hal_tim.o(i.HAL_TIM_Base_Start_IT) for HAL_TIM_Base_Start_IT
    main.o(i.main) refers to stm32f1xx_hal_tim.o(i.HAL_TIM_IC_Start) for HAL_TIM_IC_Start
    main.o(i.main) refers to stm32f1xx_hal_tim.o(i.HAL_TIM_IC_Start_IT) for HAL_TIM_IC_Start_IT
    main.o(i.main) refers to sg90.o(i.SG90_PWM_START) for SG90_PWM_START
    main.o(i.main) refers to tb6612.o(i.TB6612_SET_START) for TB6612_SET_START
    main.o(i.main) refers to tb6612.o(i.TB6612_SET_DIRECTION) for TB6612_SET_DIRECTION
    main.o(i.main) refers to tb6612.o(i.TB6612_SET) for TB6612_SET
    main.o(i.main) refers to bsp_dht11.o(i.DHT11_Init) for DHT11_Init
    main.o(i.main) refers to bsp_systick.o(i.Systick_Init) for Systick_Init
    main.o(i.main) refers to bsp_iic_debug.o(i.IIC_GPIO_Config) for IIC_GPIO_Config
    main.o(i.main) refers to bsp_oled_debug.o(i.OLED_Init) for OLED_Init
    main.o(i.main) refers to bsp_oled_debug.o(i.OLED_Fill) for OLED_Fill
    main.o(i.main) refers to bsp_oled_debug.o(i.OLED_ShowCN) for OLED_ShowCN
    main.o(i.main) refers to bsp_systick.o(i.Delay_1ms) for Delay_1ms
    main.o(i.main) refers to bsp_oled_debug.o(i.OLED_ShowStr) for OLED_ShowStr
    main.o(i.main) refers to bsp_oled_debug.o(i.OLED_CLS) for OLED_CLS
    main.o(i.main) refers to bsp_oled_debug.o(i.OLED_OFF) for OLED_OFF
    main.o(i.main) refers to bsp_oled_debug.o(i.OLED_ON) for OLED_ON
[...]
    i.USBD_LL_StallEP                        0x080049a0   Section        0  usbd_conf.o(i.USBD_LL_StallEP)
    i.USBD_LL_Start                          0x080049b2   Section        0  usbd_conf.o(i.USBD_LL_Start)
    i.USBD_LL_Suspend                        0x080049c4   Section        0  usbd_core.o(i.USBD_LL_Suspend)
    i.USBD_LL_Transmit                       0x080049d6   Section        0  usbd_conf.o(i.USBD_LL_Transmit)
    i.USBD_ParseSetupRequest                 0x080049e8   Section        0  usbd_ctlreq.o(i.USBD_ParseSetupRequest)
    i.USBD_RegisterClass                     0x08004a10   Section        0  usbd_core.o(i.USBD_RegisterClass)
    i.USBD_SetClassConfig                    0x08004a20   Section        0  usbd_core.o(i.USBD_SetClassConfig)
    i.USBD_SetConfig                         0x08004a38   Section        0  usbd_ctlreq.o(i.USBD_SetConfig)
    USBD_SetConfig                           0x08004a39   Thumb Code   128  usbd_ctlreq.o(i.USBD_SetConfig)
    i.USBD_Start                             0x08004abc   Section        0  usbd_core.o(i.USBD_Start)
    i.USBD_StdDevReq                         0x08004ac6   Section        0  usbd_ctlreq.o(i.USBD_StdDevReq)
    i.USBD_StdEPReq                          0x08004bd8   Section        0  usbd_ctlreq.o(i.USBD_StdEPReq)
    i.USBD_StdItfReq                         0x08004d28   Section        0  usbd_ctlreq.o(i.USBD_StdItfReq)
    i.USBD_static_free                       0x08004d76   Section        0  usbd_conf.o(i.USBD_static_free)
    i.USBD_static_malloc                     0x08004d78   Section        0  usbd_conf.o(i.USBD_static_malloc)
    i.USB_ActivateEndpoint                   0x08004d80   Section        0  stm32f1xx_ll_usb.o(i.USB_ActivateEndpoint)
    i.USB_CoreInit                           0x0800501c   Section        0  stm32f1xx_ll_usb.o(i.USB_CoreInit)
    i.USB_DeactivateEndpoint                 0x08005020   Section        0  stm32f1xx_ll_usb.o(i.USB_DeactivateEndpoint)
    i.USB_DevConnect                         0x0800512e   Section        0  stm32f1xx_ll_usb.o(i.USB_DevConnect)
    i.USB_DevDisconnect                      0x08005132   Section        0  stm32f1xx_ll_usb.o(i.USB_DevDisconnect)
    i.USB_DevInit                            0x08005136   Section        0  stm32f1xx_ll_usb.o(i.USB_DevInit)
    i.USB_DisableGlobalInt                   0x08005148   Section        0  stm32f1xx_ll_usb.o(i.USB_DisableGlobalInt)
    i.USB_EP0_OutStart                       0x08005156   Section        0  stm32f1xx_ll_usb.o(i.USB_EP0_OutStart)
    i.USB_EPClearStall                       0x0800515a   Section        0  stm32f1xx_ll_usb.o(i.USB_EPClearStall)
    i.USB_EPSetStall                         0x080051d2   Section        0  stm32f1xx_ll_usb.o(i.USB_EPSetStall)
    i.USB_EPStartXfer                        0x08005204   Section        0  stm32f1xx_ll_usb.o(i.USB_EPStartXfer)
    i.USB_EnableGlobalInt                    0x080056e6   Section        0  stm32f1xx_ll_usb.o(i.USB_EnableGlobalInt)
    i.USB_LP_CAN1_RX0_IRQHandler             0x080056f8   Section        0  stm32f1xx_it.o(i.USB_LP_CAN1_RX0_IRQHandler)
    i.USB_ReadInterrupts                     0x08005704   Section        0  stm32f1xx_ll_usb.o(i.USB_ReadInterrupts)
    i.USB_ReadPMA                            0x0800570c   Section        0  stm32f1xx_ll_usb.o(i.USB_ReadPMA)
    i.USB_SetCurrentMode                     0x08005738   Section        0  stm32f1xx_ll_usb.o(i.USB_SetCurrentMode)
    i.USB_SetDevAddress                      0x0800573c   Section        0  stm32f1xx_ll_usb.o(i.USB_SetDevAddress)
    i.USB_WritePMA                           0x08005748   Section        0  stm32f1xx_ll_usb.o(i.USB_WritePMA)
    i.UsageFault_Handler                     0x0800576e   Section        0  stm32f1xx_it.o(i.UsageFault_Handler)
    i.__NVIC_SetPriority                     0x08005770   Section        0  stm32f1xx_hal_cortex.o(i.__NVIC_SetPriority)
    __NVIC_SetPriority                       0x08005771   Thumb Code    32  stm32f1xx_hal_cortex.o(i.__NVIC_SetPriority)
    i.main                                   0x08005790   Section        0  main.o(i.main)
    .constdata                               0x080058a8   Section       18  stm32f1xx_hal_rcc.o(.constdata)
    aPredivFactorTable                       0x080058a8   Data           2  stm32f1xx_hal_rcc.o(.constdata)
    aPLLMULFactorTable                       0x080058aa   Data          16  stm32f1xx_hal_rcc.o(.constdata)
    .constdata                               0x080058ba   Section       16  system_stm32f1xx.o(.constdata)
    .constdata                               0x080058ca   Section        8  system_stm32f1xx.o(.constdata)
    .constdata                               0x080058d2   Section     2072  bsp_oled_debug.o(.constdata)
    .data                                    0x20000000   Section     1024  main.o(.data)
    .data                                    0x20000400   Section        2  main.o(.data)
    .data                                    0x20000402   Section        2  main.o(.data)
    .data                                    0x20000404   Section        2  main.o(.data)
    .data                                    0x20000408   Section       12  stm32f1xx_hal.o(.data)
    .data                                    0x20000414   Section        4  system_stm32f1xx.o(.data)
    .data                                    0x20000418   Section      128  bsp_oled_debug.o(.data)
    .data                                    0x20000498   Section        4  bsp_systick.o(.data)
    TimingDelay                              0x20000498   Data           4  bsp_systick.o(.data)
    .data                                    0x2000049c   Section       28  usbd_desc.o(.data)
    .data                                    0x200004b8   Section       50  usbd_desc.o(.data)
    .data                                    0x200004ec   Section       16  usbd_cdc_if.o(.data)
    .data                                    0x200004fc   Section        1  usbd_ctlreq.o(.data)
    cfgidx                                   0x200004fc   Data           1  usbd_ctlreq.o(.data)
    .data                                    0x20000500   Section      215  usbd_cdc.o(.data)
    USBD_CDC_DeviceQualifierDesc             0x20000500   Data          10  usbd_cdc.o(.data)
    .data                                    0x200005d8   Section       56  usbd_cdc.o(.data)
    .bss                                     0x20000610   Section       64  main.o(.bss)
    .bss                                     0x20000650   Section       64  main.o(.bss)
    .bss                                     0x20000690   Section       84  i2c.o(.bss)
    .bss                                     0x200006e4   Section      144  tim.o(.bss)
    .bss                                     0x20000774   Section      208  usart.o(.bss)
    .bss                                     0x20000844   Section      100  bsp_iic_debug.o(.bss)
    .bss                                     0x200008a8   Section      708  usb_device.o(.bss)
    .bss                                     0x20000b6c   Section      512  usbd_desc.o(.bss)
    .bss                                     0x20000d6c   Section     2000  usbd_cdc_if.o(.bss)
    .bss                                     0x2000153c   Section     1296  usbd_conf.o(.bss)
    mem                                      0x2000153c   Data         544  usbd_conf.o(.bss)
    .bss                                     0x20001a4c   Section       96  libspace.o(.bss)
    HEAP                                     0x20001ab0   Section      512  startup_stm32f103xb.o(HEAP)
    Heap_Mem                                 0x20001ab0   Data         512  startup_stm32f103xb.o(HEAP)
    STACK                                    0x20001cb0   Section     1024  startup_stm32f103xb.o(STACK)
    Stack_Mem                                0x20001cb0   Data        1024  startup_stm32f103xb.o(STACK)
    __initial_sp                             0x200020b0   Data           0  startup_stm32f103xb.o(STACK)

    Global Symbols

    Symbol Name                              Value     Ov Type        Size  Object(Section)

    BuildAttributes$$THM_ISAv4$P$D$K$B$S$PE$A:L22UL41UL21$X:L11$S22US41US21$IEEE1$IW$USESV6$~STKCKD$USESV7$~SHL$OSPACE$ROPI$EBA8$UX$STANDARDLIB$REQ8$PRES8$EABIv2 0x00000000   Number         0  anon$$obj.o ABSOLUTE
    __ARM_use_no_argv                        0x00000000   Number         0  main.o ABSOLUTE
    __ARM_exceptions_init                     - Undefined Weak Reference
    __alloca_initialize                       - Undefined Weak Reference
    __arm_fini_                               - Undefined Weak Reference
    __arm_preinit_                            - Undefined Weak Reference
    __cpp_initialize__aeabi_                  - Undefined Weak Reference
    __cxa_finalize                            - Undefined Weak Reference
    __rt_locale                               - Undefined Weak Reference
    __sigvec_lookup                           - Undefined Weak Reference
    _atexit_init                              - Undefined Weak Reference
    _call_atexit_fns                          - Undefined Weak Reference
    _clock_init                               - Undefined Weak Reference
    _fp_trap_init                             - Undefined Weak Reference
    _fp_trap_shutdown                         - Undefined Weak Reference
    _get_lc_collate                           - Undefined Weak Reference
    _get_lc_ctype                             - Undefined Weak Reference
    _get_lc_monetary                          - Undefined Weak Reference
    _get_lc_numeric                           - Undefined Weak Reference
    _get_lc_time                              - Undefined Weak Reference
    _getenv_init                              - Undefined Weak Reference
    _handle_redirection                       - Undefined Weak Reference
    _init_alloc                               - Undefined Weak Reference
    _init_user_alloc                          - Undefined Weak Reference
    _initio                                   - Undefined Weak Reference
    _rand_init                                - Undefined Weak Reference
    _signal_finish                            - Undefined Weak Reference
    _signal_init                              - Undefined Weak Reference
    _terminate_alloc                          - Undefined Weak Reference
    _terminate_user_alloc                     - Undefined Weak Reference
    _terminateio                              - Undefined Weak Reference
    __Vectors_Size                           0x000000ec   Number         0  startup_stm32f103xb.o ABSOLUTE
    __Vectors                                0x08000000   Data           4  startup_stm32f103xb.o(RESET)
    __Vectors_End                            0x080000ec   Data           0  startup_stm32f103xb.o(RESET)
    __main                                   0x080000ed   Thumb Code     8  __main.o(!!!main)
    __scatterload                            0x080000f5   Thumb Code     0  __scatter.o(!!!scatter)
    __scatterload_rt2                        0x080000f5   Thumb Code    44  __scatter.o(!!!scatter)
    __scatterload_rt2_thumb_only             0x080000f5   Thumb Code     0  __scatter.o(!!!scatter)
    __scatterload_null                       0x08000103   Thumb Code     0  __scatter.o(!!!scatter)
    __decompress                             0x08000129   Thumb Code    90  __dczerorl2.o(!!dczerorl2)
    __decompress1                            0x08000129   Thumb Code     0  __dczerorl2.o(!!dczerorl2)
    __scatterload_zeroinit                   0x08000185   Thumb Code    28  __scatter_zi.o(!!handler_zi)
    __rt_lib_init                            0x080001a1   Thumb Code     0  libinit.o(.ARM.Collect$$libinit$$00000000)
    __rt_lib_init_alloca_1                   0x080001a3   Thumb Code     0  libinit2.o(.ARM.Collect$$libinit$$0000002E)
    __rt_lib_init_argv_1                     0x080001a3   Thumb Code     0  libinit2.o(.ARM.Collect$$libinit$$0000002C)
    __rt_lib_init_atexit_1                   0x080001a3   Thumb Code     0  libinit2.o(.ARM.Collect$$libinit$$0000001B)
    __rt_lib_init_clock_1                    0x080001a3   Thumb Code     0  libinit2.o(.ARM.Collect$$libinit$$00000021)
    __rt_lib_init_cpp_1                      0x080001a3   Thumb Code     0  libinit2.o(.ARM.Collect$$libinit$$00000032)
    __rt_lib_init_exceptions_1               0x080001a3   Thumb Code     0  libinit2.o(.ARM.Collect$$libinit$$00000030)
    __rt_lib_init_fp_1                       0x080001a3   Thumb Code     0  libinit2.o(.ARM.Collect$$libinit$$00000002)
    __rt_lib_init_fp_trap_1                  0x080001a3   Thumb Code     0  libinit2.o(.ARM.Collect$$libinit$$0000001F)
    __rt_lib_init_getenv_1                   0x080001a3   Thumb Code     0  libinit2.o(.ARM.Collect$$libinit$$00000023)
    __rt_lib_init_heap_1                     0x080001a3   Thumb Code     0  libinit2.o(.ARM.Collect$$libinit$$0000000A)
    __rt_lib_init_lc_collate_1               0x080001a3   Thumb Code     0  libinit2.o(.ARM.Collect$$libinit$$00000011)
    __rt_lib_init_lc_ctype_1                 0x080001a3   Thumb Code     0  libinit2.o(.ARM.Collect$$libinit$$00000013)
    __rt_lib_init_lc_monetary_1              0x080001a3   Thumb Code     0  libinit2.o(.ARM.Collect$$libinit$$00000015)
    __rt_lib_init_lc_numeric_1               0x080001a3   Thumb Code     0  libinit2.o(.ARM.Collect$$libinit$$00000017)
    __rt_lib_init_lc_time_1                  0x080001a3   Thumb Code     0  libinit2.o(.ARM.Collect$$libinit$$00000019)
    __rt_lib_init_preinit_1                  0x080001a3   Thumb Code     0  libinit2.o(.ARM.Collect$$libinit$$00000004)
    __rt_lib_init_rand_1                     0x080001a3   Thumb Code     0  libinit2.o(.ARM.Collect$$libinit$$0000000E)
    __rt_lib_init_return                     0x080001a3   Thumb Code     0  libinit2.o(.ARM.Collect$$libinit$$00000033)
    __rt_lib_init_signal_1                   0x080001a3   Thumb Code     0  libinit2.o(.ARM.Collect$$libinit$$0000001D)
    __rt_lib_init_stdio_1                    0x080001a3   Thumb Code     0  libinit2.o(.ARM.Collect$$libinit$$00000025)
    __rt_lib_init_user_alloc_1               0x080001a3   Thumb Code     0  libinit2.o(.ARM.Collect$$libinit$$0000000C)
    __rt_lib_shutdown                        0x080001a5   Thumb Code     0  libshutdown.o(.ARM.Collect$$libshutdown$$00000000)
    __rt_lib_shutdown_cpp_1                  0x080001a7   Thumb Code     0  libshutdown2.o(.ARM.Collect$$libshutdown$$00000004)
    __rt_lib_shutdown_fini_1                 0x080001a7   Thumb Code     0  libshutdown2.o(.ARM.Collect$$libshutdown$$00000002)
    __rt_lib_shutdown_fp_trap_1              0x080001a7   Thumb Code     0  libshutdown2.o(.ARM.Collect$$libshutdown$$00000009)
    __rt_lib_shutdown_heap_1                 0x080001a7   Thumb Code     0  libshutdown2.o(.ARM.Collect$$libshutdown$$00000011)
    __rt_lib_shutdown_return                 0x080001a7   Thumb Code     0  libshutdown2.o(.ARM.Collect$$libshutdown$$00000012)
    __rt_lib_shutdown_signal_1               0x080001a7   Thumb Code     0  libshutdown2.o(.ARM.Collect$$libshutdown$$0000000C)
    __rt_lib_shutdown_stdio_1                0x080001a7   Thumb Code     0  libshutdown2.o(.ARM.Collect$$libshutdown$$00000006)
    __rt_lib_shutdown_user_alloc_1           0x080001a7   Thumb Code     0  libshutdown2.o(.ARM.Collect$$libshutdown$$0000000E)
    __rt_entry                               0x080001a9   Thumb Code     0  __rtentry.o(.ARM.Collect$$rtentry$$00000000)
    __rt_entry_presh_1                       0x080001a9   Thumb Code     0  __rtentry2.o(.ARM.Collect$$rtentry$$00000002)
    __rt_entry_sh                            0x080001a9   Thumb Code     0  __rtentry4.o(.ARM.Collect$$rtentry$$00000004)
    __rt_entry_li                            0x080001af   Thumb Code     0  __rtentry2.o(.ARM.Collect$$rtentry$$0000000A)
    __rt_entry_postsh_1                      0x080001af   Thumb Code     0  __rtentry2.o(.ARM.Collect$$rtentry$$00000009)
    __rt_entry_main                          0x080001b3   Thumb Code     0  __rtentry2.o(.ARM.Collect$$rtentry$$0000000D)
    __rt_entry_postli_1                      0x080001b3   Thumb Code     0  __rtentry2.o(.ARM.Collect$$rtentry$$0000000C)
    __rt_exit                                0x080001bb   Thumb Code     0  rtexit.o(.ARM.Collect$$rtexit$$00000000)
    __rt_exit_ls                             0x080001bd   Thumb Code     0  rtexit2.o(.ARM.Collect$$rtexit$$00000003)
    __rt_exit_prels_1                        0x080001bd   Thumb Code     0  rtexit2.o(.ARM.Collect$$rtexit$$00000002)
    __rt_exit_exit                           0x080001c1   Thumb Code     0  rtexit2.o(.ARM.Collect$$rtexit$$00000004)
    Reset_Handler                            0x080001c9   Thumb Code     8  startup_stm32f103xb.o(.text)
    ADC1_2_IRQHandler                        0x080001e3   Thumb Code     0  startup_stm32f103xb.o(.text)
    CAN1_RX1_IRQHandler                      0x080001e3   Thumb Code     0  startup_stm32f103xb.o(.text)
    CAN1_SCE_IRQHandler                      0x080001e3   Thumb Code     0  startup_stm32f103xb.o(.text)
    DMA1_Channel1_IRQHandler                 0x080001e3   Thumb Code     0  startup_stm32f103xb.o(.text)
    DMA1_Channel2_IRQHandler                 0x080001e3   Thumb Code     0  startup_stm32f103xb.o(.text)
    DMA1_Channel3_IRQHandler                 0x080001e3   Thumb Code     0  startup_stm32f103xb.o(.text)
    DMA1_Channel6_IRQHandler                 0x080001e3   Thumb Code     0  startup_stm32f103xb.o(.text)
    DMA1_Channel7_IRQHandler                 0x080001e3   Thumb Code     0  startup_stm32f103xb.o(.text)
    EXTI0_IRQHandler                         0x080001e3   Thumb Code     0  startup_stm32f103xb.o(.text)
    EXTI15_10_IRQHandler                     0x080001e3   Thumb Code     0  startup_stm32f103xb.o(.text)
    EXTI1_IRQHandler                         0x080001e3   Thumb Code     0  startup_stm32f103xb.o(.text)
    EXTI2_IRQHandler                         0x080001e3   Thumb Code     0  startup_stm32f103xb.o(.text)
    EXTI3_IRQHandler                         0x080001e3   Thumb Code     0  startup_stm32f103xb.o(.text)
    EXTI4_IRQHandler                         0x080001e3   Thumb Code     0  startup_stm32f103xb.o(.text)
    EXTI9_5_IRQHandler                       0x080001e3   Thumb Code     0  startup_stm32f103xb.o(.text)
    FLASH_IRQHandler                         0x080001e3   Thumb Code     0  startup_stm32f103xb.o(.text)
    I2C1_ER_IRQHandler                       0x080001e3   Thumb Code     0  startup_stm32f103xb.o(.text)
    I2C1_EV_IRQHandler                       0x080001e3   Thumb Code     0  startup_stm32f103xb.o(.text)
    I2C2_ER_IRQHandler                       0x080001e3   Thumb Code     0  startup_stm32f103xb.o(.text)
    I2C2_EV_IRQHandler                       0x080001e3   Thumb Code     0  startup_stm32f103xb.o(.text)
    PVD_IRQHandler                           0x080001e3   Thumb Code     0  startup_stm32f103xb.o(.text)
    RCC_IRQHandler                           0x080001e3   Thumb Code     0  startup_stm32f103xb.o(.text)
    RTC_Alarm_IRQHandler                     0x080001e3   Thumb Code     0  startup_stm32f103xb.o(.text)
    RTC_IRQHandler                           0x080001e3   Thumb Code     0  startup_stm32f103xb.o(.text)
    SPI1_IRQHandler                          0x080001e3   Thumb Code     0  startup_stm32f103xb.o(.text)
    SPI2_IRQHandler                          0x080001e3   Thumb Code     0  startup_stm32f103xb.o(.text)
    TAMPER_IRQHandler                        0x080001e3   Thumb Code     0  startup_stm32f103xb.o(.text)
    TIM1_BRK_IRQHandler                      0x080001e3   Thumb Code     0  startup_stm32f103xb.o(.text)
    TIM1_CC_IRQHandler                       0x080001e3   Thumb Code     0  startup_stm32f103xb.o(.text)
    TIM1_TRG_COM_IRQHandler                  0x080001e3   Thumb Code     0  startup_stm32f103xb.o(.text)
    TIM1_UP_IRQHandler                       0x080001e3   Thumb Code     0  startup_stm32f103xb.o(.text)
    TIM3_IRQHandler                          0x080001e3   Thumb Code     0  startup_stm32f103xb.o(.text)
    TIM4_IRQHandler                          0x080001e3   Thumb Code     0  startup_stm32f103xb.o(.text)
    USART2_IRQHandler                        0x080001e3   Thumb Code     0  startup_stm32f103xb.o(.text)
    USART3_IRQHandler                        0x080001e3   Thumb Code     0  startup_stm32f103xb.o(.text)
    USBWakeUp_IRQHandler                     0x080001e3   Thumb Code     0  startup_stm32f103xb.o(.text)
    USB_HP_CAN1_TX_IRQHandler                0x080001e3   Thumb Code     0  startup_stm32f103xb.o(.text)
    WWDG_IRQHandler                          0x080001e3   Thumb Code     0  startup_stm32f103xb.o(.text)
    __user_initial_stackheap                 0x080001e5   Thumb Code     0  startup_stm32f103xb.o(.text)
    __aeabi_memcpy                           0x08000209   Thumb Code     0  rt_memcpy_v6.o(.text)
    __rt_memcpy                              0x08000209   Thumb Code   138  rt_memcpy_v6.o(.text)
    _memcpy_lastbytes                        0x0800026f   Thumb Code     0  rt_memcpy_v6.o(.text)
    __aeabi_memcpy4                          0x08000293   Thumb Code     0  rt_memcpy_w.o(.text)
    __aeabi_memcpy8                          0x08000293   Thumb Code     0  rt_memcpy_w.o(.text)
    __rt_memcpy_w                            0x08000293   Thumb Code   100  rt_memcpy_w.o(.text)
    _memcpy_lastbytes_aligned                0x080002db   Thumb Code     0  rt_memcpy_w.o(.text)
    __aeabi_memclr                           0x080002f7   Thumb Code     0  rt_memclr.o(.text)
    __rt_memclr                              0x080002f7   Thumb Code    68  rt_memclr.o(.text)
    _memset                                  0x080002fb   Thumb Code     0  rt_memclr.o(.text)
    __aeabi_memclr4                          0x0800033b   Thumb Code     0  rt_memclr_w.o(.text)
    __aeabi_memclr8                          0x0800033b   Thumb Code     0  rt_memclr_w.o(.text)
    __rt_memclr_w                            0x0800033b   Thumb Code    78  rt_memclr_w.o(.text)
    _memset_w                                0x0800033f   Thumb Code     0  rt_memclr_w.o(.text)
    __use_two_region_memory                  0x08000389   Thumb Code     2  heapauxi.o(.text)
    __rt_heap_escrow$2region                 0x0800038b   Thumb Code     2  heapauxi.o(.text)
    __rt_heap_expand$2region                 0x0800038d   Thumb Code     2  heapauxi.o(.text)
    __user_setup_stackheap                   0x0800038f   Thumb Code    74  sys_stackheap_outer.o(.text)
    exit                                     0x080003d9   Thumb Code    18  exit.o(.text)
    __user_libspace                          0x080003ed   Thumb Code     8  libspace.o(.text)
    __user_perproc_libspace                  0x080003ed   Thumb Code     0  libspace.o(.text)
    __user_perthread_libspace                0x080003ed   Thumb Code     0  libspace.o(.text)
    _sys_exit                                0x080003f5   Thumb Code     8  sys_exit.o(.text)
    __I$use$semihosting                      0x08000401   Thumb Code     0  use_no_semi.o(.text)
    __use_no_semihosting_swi                 0x08000401   Thumb Code     2  use_no_semi.o(.text)
    BusFault_Handler                         0x08000403   Thumb Code     2  stm32f1xx_it.o(i.BusFault_Handler)
    __semihosting_library_function           0x08000403   Thumb Code     0  indicate_semi.o(.text)
    DHT11_Init                               0x08000475   Thumb Code    58  bsp_dht11.o(i.DHT11_Init)
    DMA1_Channel4_IRQHandler                 0x080004b9   Thumb Code     6  stm32f1xx_it.o(i.DMA1_Channel4_IRQHandler)
    DMA1_Channel5_IRQHandler                 0x080004c5   Thumb Code     6  stm32f1xx_it.o(i.DMA1_Channel5_IRQHandler)
    DebugMon_Handler                         0x080004fb   Thumb Code     2  stm32f1xx_it.o(i.DebugMon_Handler)
    Delay_1ms                                0x080004fd   Thumb Code    16  bsp_systick.o(i.Delay_1ms)
    Error_Handler                            0x08000511   Thumb Code     4  main.o(i.Error_Handler)
    HAL_DMA_Abort                            0x08000515   Thumb Code    70  stm32f1xx_hal_dma.o(i.HAL_DMA_Abort)
    HAL_DMA_Abort_IT                         0x0800055d   Thumb Code   148  stm32f1xx_hal_dma.o(i.HAL_DMA_Abort_IT)
    HAL_DMA_IRQHandler                       0x080005f5   Thumb Code   316  stm32f1xx_hal_dma.o(i.HAL_DMA_IRQHandler)
    HAL_DMA_Init                             0x08000749   Thumb Code    84  stm32f1xx_hal_dma.o(i.HAL_DMA_Init)
    HAL_DMA_Start_IT                         0x080007a5   Thumb Code   112  stm32f1xx_hal_dma.o(i.HAL_DMA_Start_IT)
    HAL_GPIO_Init                            0x08000815   Thumb Code   446  stm32f1xx_hal_gpio.o(i.HAL_GPIO_Init)
    HAL_GPIO_WritePin                        0x080009f5   Thumb Code    10  stm32f1xx_hal_gpio.o(i.HAL_GPIO_WritePin)
    HAL_GetTick                              0x08000a01   Thumb Code     6  stm32f1xx_hal.o(i.HAL_GetTick)
    HAL_I2C_Init                             0x08000a0d   Thumb Code   376  stm32f1xx_hal_i2c.o(i.HAL_I2C_Init)
    HAL_I2C_Mem_Write                        0x08000b95   Thumb Code   294  stm32f1xx_hal_i2c.o(i.HAL_I2C_Mem_Write)
    HAL_I2C_MspInit                          0x08000cc5   Thumb Code    82  i2c.o(i.HAL_I2C_MspInit)
    HAL_IncTick                              0x08000d25   Thumb Code    12  stm32f1xx_hal.o(i.HAL_IncTick)
    HAL_Init                                 0x08000d35   Thumb Code    32  stm32f1xx_hal.o(i.HAL_Init)
    HAL_InitTick                             0x08000d59   Thumb Code    54  stm32f1xx_hal.o(i.HAL_InitTick)
    HAL_MspInit                              0x08000d99   Thumb Code    52  stm32f1xx_hal_msp.o(i.HAL_MspInit)
    HAL_NVIC_EnableIRQ                       0x08000dd5   Thumb Code    26  stm32f1xx_hal_cortex.o(i.HAL_NVIC_EnableIRQ)
    HAL_NVIC_SetPriority                     0x08000df1   Thumb Code    60  stm32f1xx_hal_cortex.o(i.HAL_NVIC_SetPriority)
    HAL_NVIC_SetPriorityGrouping             0x08000e31   Thumb Code    26  stm32f1xx_hal_cortex.o(i.HAL_NVIC_SetPriorityGrouping)
    HAL_PCDEx_PMAConfig                      0x08000e55   Thumb Code    60  stm32f1xx_hal_pcd_ex.o(i.HAL_PCDEx_PMAConfig)
    HAL_PCDEx_SetConnectionState             0x08000e91   Thumb Code     2  usbd_conf.o(i.HAL_PCDEx_SetConnectionState)
    HAL_PCD_DataInStageCallback              0x08000e93   Thumb Code    18  usbd_conf.o(i.HAL_PCD_DataInStageCallback)
    HAL_PCD_DataOutStageCallback             0x08000ea5   Thumb Code    20  usbd_conf.o(i.HAL_PCD_DataOutStageCallback)
    HAL_PCD_EP_Close                         0x08000eb9   Thumb Code    76  stm32f1xx_hal_pcd.o(i.HAL_PCD_EP_Close)
    HAL_PCD_EP_ClrStall                      0x08000f05   Thumb Code    92  stm32f1xx_hal_pcd.o(i.HAL_PCD_EP_ClrStall)
    HAL_PCD_EP_GetRxCount                    0x0800137f   Thumb Code    18  stm32f1xx_hal_pcd.o(i.HAL_PCD_EP_GetRxCount)
    HAL_PCD_EP_Open                          0x08001391   Thumb Code    90  stm32f1xx_hal_pcd.o(i.HAL_PCD_EP_Open)
    HAL_PCD_EP_Receive                       0x080013eb   Thumb Code    46  stm32f1xx_hal_pcd.o(i.HAL_PCD_EP_Receive)
    HAL_PCD_EP_SetStall                      0x08001419   Thumb Code   114  stm32f1xx_hal_pcd.o(i.HAL_PCD_EP_SetStall)
    HAL_PCD_EP_Transmit                      0x0800148b   Thumb Code    48  stm32f1xx_hal_pcd.o(i.HAL_PCD_EP_Transmit)
    HAL_PCD_IRQHandler                       0x080014bd   Thumb Code   308  stm32f1xx_hal_pcd.o(i.HAL_PCD_IRQHandler)
    HAL_PCD_Init                             0x080015f1   Thumb Code   218  stm32f1xx_hal_pcd.o(i.HAL_PCD_Init)
    HAL_PCD_MspInit                          0x080016cd   Thumb Code    50  usbd_conf.o(i.HAL_PCD_MspInit)
    HAL_PCD_ResetCallback                    0x08001709   Thumb Code    38  usbd_conf.o(i.HAL_PCD_ResetCallback)
    HAL_PCD_ResumeCallback                   0x0800172f   Thumb Code     8  usbd_conf.o(i.HAL_PCD_ResumeCallback)
    HAL_PCD_SOFCallback                      0x08001737   Thumb Code     8  usbd_conf.o(i.HAL_PCD_SOFCallback)
    HAL_PCD_SetAddress                       0x0800173f   Thumb Code    40  stm32f1xx_hal_pcd.o(i.HAL_PCD_SetAddress)
    HAL_PCD_SetupStageCallback               0x08001767   Thumb Code    14  usbd_conf.o(i.HAL_PCD_SetupStageCallback)
    HAL_PCD_Start                            0x08001775   Thumb Code    50  stm32f1xx_hal_pcd.o(i.HAL_PCD_Start)
    HAL_PCD_SuspendCallback                  0x080017a9   Thumb Code    30  usbd_conf.o(i.HAL_PCD_SuspendCallback)
    HAL_RCCEx_PeriphCLKConfig                0x080017cd   Thumb Code   224  stm32f1xx_hal_rcc_ex.o(i.HAL_RCCEx_PeriphCLKConfig)
    HAL_RCC_ClockConfig                      0x080018b9   Thumb Code   280  stm32f1xx_hal_rcc.o(i.HAL_RCC_ClockConfig)
    HAL_RCC_GetPCLK1Freq                     0x080019e5   Thumb Code    20  stm32f1xx_hal_rcc.o(i.HAL_RCC_GetPCLK1Freq)
    HAL_RCC_GetPCLK2Freq                     0x08001a05   Thumb Code    20  stm32f1xx_hal_rcc.o(i.HAL_RCC_GetPCLK2Freq)
    HAL_RCC_GetSysClockFreq                  0x08001a25   Thumb Code    58  stm32f1xx_hal_rcc.o(i.HAL_RCC_GetSysClockFreq)
    HAL_RCC_OscConfig                        0x08001a71   Thumb Code   778  stm32f1xx_hal_rcc.o(i.HAL_RCC_OscConfig)
    HAL_SYSTICK_Config                       0x08001d91   Thumb Code    40  stm32f1xx_hal_cortex.o(i.HAL_SYSTICK_Config)
    HAL_TIMEx_BreakCallback                  0x08001db9   Thumb Code     2  stm32f1xx_hal_tim_ex.o(i.HAL_TIMEx_BreakCallback)
    HAL_TIMEx_CommutCallback                 0x08001dbb   Thumb Code     2  stm32f1xx_hal_tim_ex.o(i.HAL_TIMEx_CommutCallback)
    HAL_TIMEx_MasterConfigSynchronization    0x08001dbd   Thumb Code    92  stm32f1xx_hal_tim_ex.o(i.HAL_TIMEx_MasterConfigSynchronization)
    HAL_TIM_Base_Init                        0x08001e25   Thumb Code    90  stm32f1xx_hal_tim.o(i.HAL_TIM_Base_Init)
    HAL_TIM_Base_MspInit                     0x08001e81   Thumb Code   130  tim.o(i.HAL_TIM_Base_MspInit)
    HAL_TIM_Base_Start_IT                    0x08001f15   Thumb Code    76  stm32f1xx_hal_tim.o(i.HAL_TIM_Base_Start_IT)
    HAL_TIM_ConfigClockSource                0x08001f6d   Thumb Code   220  stm32f1xx_hal_tim.o(i.HAL_TIM_ConfigClockSource)
    HAL_TIM_IC_CaptureCallback               0x08002049   Thumb Code     2  stm32f1xx_hal_tim.o(i.HAL_TIM_IC_CaptureCallback)
    HAL_TIM_IC_ConfigChannel                 0x0800204b   Thumb Code   292  stm32f1xx_hal_tim.o(i.HAL_TIM_IC_ConfigChannel)
    HAL_TIM_IC_Init                          0x0800216f   Thumb Code    90  stm32f1xx_hal_tim.o(i.HAL_TIM_IC_Init)
    HAL_TIM_IC_MspInit                       0x080021c9   Thumb Code     2  stm32f1xx_hal_tim.o(i.HAL_TIM_IC_MspInit)
    HAL_TIM_IC_Start                         0x080021cd   Thumb Code   172  stm32f1xx_hal_tim.o(i.HAL_TIM_IC_Start)
    HAL_TIM_IC_Start_IT                      0x08002285   Thumb Code   216  stm32f1xx_hal_tim.o(i.HAL_TIM_IC_Start_IT)
    HAL_TIM_IRQHandler                       0x08002369   Thumb Code   358  stm32f1xx_hal_tim.o(i.HAL_TIM_IRQHandler)
    HAL_TIM_MspPostInit                      0x080024d1   Thumb Code    94  tim.o(i.HAL_TIM_MspPostInit)
    HAL_TIM_OC_DelayElapsedCallback          0x08002541   Thumb Code     2  stm32f1xx_hal_tim.o(i.HAL_TIM_OC_DelayElapsedCallback)
    HAL_TIM_PWM_ConfigChannel                0x08002543   Thumb Code   204  stm32f1xx_hal_tim.o(i.HAL_TIM_PWM_ConfigChannel)
    HAL_TIM_PWM_Init                         0x0800260f   Thumb Code    90  stm32f1xx_hal_tim.o(i.HAL_TIM_PWM_Init)
    HAL_TIM_PWM_MspInit                      0x08002669   Thumb Code     2  stm32f1xx_hal_tim.o(i.HAL_TIM_PWM_MspInit)
    HAL_TIM_PWM_PulseFinishedCallback        0x0800266b   Thumb Code     2  stm32f1xx_hal_tim.o(i.HAL_TIM_PWM_PulseFinishedCallback)
    HAL_TIM_PWM_Start                        0x0800266d   Thumb Code   144  stm32f1xx_hal_tim.o(i.HAL_TIM_PWM_Start)
    HAL_TIM_PeriodElapsedCallback            0x08002709   Thumb Code     2  stm32f1xx_hal_tim.o(i.HAL_TIM_PeriodElapsedCallback)
    HAL_TIM_TriggerCallback                  0x0800270b   Thumb Code     2  stm32f1xx_hal_tim.o(i.HAL_TIM_TriggerCallback)
    HAL_UARTEx_RxEventCallback               0x0800270d   Thumb Code     2  stm32f1xx_hal_uart.o(i.HAL_UARTEx_RxEventCallback)
    HAL_UART_DMAStop                         0x0800270f   Thumb Code   112  stm32f1xx_hal_uart.o(i.HAL_UART_DMAStop)
    HAL_UART_ErrorCallback                   0x0800277f   Thumb Code     2  stm32f1xx_hal_uart.o(i.HAL_UART_ErrorCallback)
    HAL_UART_IRQHandler                      0x08002781   Thumb Code   616  stm32f1xx_hal_uart.o(i.HAL_UART_IRQHandler)
    HAL_UART_Init                            0x080029ed   Thumb Code   100  stm32f1xx_hal_uart.o(i.HAL_UART_Init)
    HAL_UART_MspInit                         0x08002a51   Thumb Code   198  usart.o(i.HAL_UART_MspInit)
    HAL_UART_Receive_DMA                     0x08002b2d   Thumb Code    28  stm32f1xx_hal_uart.o(i.HAL_UART_Receive_DMA)
    HAL_UART_RxCpltCallback                  0x08002b49   Thumb Code     2  stm32f1xx_hal_uart.o(i.HAL_UART_RxCpltCallback)
    HAL_UART_RxHalfCpltCallback              0x08002b4b   Thumb Code     2  stm32f1xx_hal_uart.o(i.HAL_UART_RxHalfCpltCallback)
    HAL_UART_TxCpltCallback                  0x08002b4d   Thumb Code     2  stm32f1xx_hal_uart.o(i.HAL_UART_TxCpltCallback)
    HardFault_Handler                        0x08002b4f   Thumb Code     2  stm32f1xx_it.o(i.HardFault_Handler)
    IIC_GPIO_Config                          0x08002e25   Thumb Code   136  bsp_iic_debug.o(i.IIC_GPIO_Config)
    MX_DMA_Init                              0x08002ef9   Thumb Code    56  dma.o(i.MX_DMA_Init)
    MX_GPIO_Init                             0x08002f35   Thumb Code   144  gpio.o(i.MX_GPIO_Init)
    MX_I2C2_Init                             0x08002fd1   Thumb Code    50  i2c.o(i.MX_I2C2_Init)
    MX_TIM2_Init                             0x08003011   Thumb Code   166  tim.o(i.MX_TIM2_Init)
    MX_TIM3_Init                             0x080030bd   Thumb Code   178  tim.o(i.MX_TIM3_Init)
    MX_USART1_UART_Init                      0x08003179   Thumb Code    98  usart.o(i.MX_USART1_UART_Init)
    MX_USB_DEVICE_Init                       0x080031e9   Thumb Code    66  usb_device.o(i.MX_USB_DEVICE_Init)
    MemManage_Handler                        0x0800323d   Thumb Code     2  stm32f1xx_it.o(i.MemManage_Handler)
    NMI_Handler                              0x0800323f   Thumb Code     2  stm32f1xx_it.o(i.NMI_Handler)
    OLED_CLS                                 0x08003241   Thumb Code     6  bsp_oled_debug.o(i.OLED_CLS)
    OLED_DrawBMP                             0x08003247   Thumb Code    62  bsp_oled_debug.o(i.OLED_DrawBMP)
    OLED_Fill                                0x08003285   Thumb Code    56  bsp_oled_debug.o(i.OLED_Fill)
    OLED_Init                                0x080032bd   Thumb Code   210  bsp_oled_debug.o(i.OLED_Init)
    OLED_OFF                                 0x0800338f   Thumb Code    24  bsp_oled_debug.o(i.OLED_OFF)
    OLED_ON                                  0x080033a7   Thumb Code    24  bsp_oled_debug.o(i.OLED_ON)
    OLED_SetPos                              0x080033bf   Thumb Code    38  bsp_oled_debug.o(i.OLED_SetPos)
    OLED_ShowCN                              0x080033e5   Thumb Code    66  bsp_oled_debug.o(i.OLED_ShowCN)
    OLED_ShowStr                             0x0800342d   Thumb Code   208  bsp_oled_debug.o(i.OLED_ShowStr)
    Oled_Write_Cmd                           0x08003505   Thumb Code    32  bsp_oled_debug.o(i.Oled_Write_Cmd)
    Oled_Write_Data                          0x08003529   Thumb Code    32  bsp_oled_debug.o(i.Oled_Write_Data)
    PendSV_Handler                           0x080038f9   Thumb Code     2  stm32f1xx_it.o(i.PendSV_Handler)
    SG90_PWM_START                           0x080038fb   Thumb Code     4  sg90.o(i.SG90_PWM_START)
    SVC_Handler                              0x080038ff   Thumb Code     2  stm32f1xx_it.o(i.SVC_Handler)
    SysTick_Handler                          0x08003901   Thumb Code     4  stm32f1xx_it.o(i.SysTick_Handler)
    SystemClock_Config                       0x08003905   Thumb Code   120  main.o(i.SystemClock_Config)
    SystemInit                               0x0800397d   Thumb Code     2  system_stm32f1xx.o(i.SystemInit)
    Systick_Init                             0x08003981   Thumb Code    26  bsp_systick.o(i.Systick_Init)
    TB6612_SET                               0x080039a1   Thumb Code     4  tb6612.o(i.TB6612_SET)
    TB6612_SET_DIRECTION                     0x080039a5   Thumb Code   120  tb6612.o(i.TB6612_SET_DIRECTION)
    TB6612_SET_START                         0x08003a25   Thumb Code     4  tb6612.o(i.TB6612_SET_START)
    TIM2_IRQHandler                          0x08003a29   Thumb Code     6  stm32f1xx_it.o(i.TIM2_IRQHandler)
    TIM_Base_SetConfig                       0x08003a35   Thumb Code    94  stm32f1xx_hal_tim.o(i.TIM_Base_SetConfig)
    TIM_CCxChannelCmd                        0x08003aa1   Thumb Code    26  stm32f1xx_hal_tim.o(i.TIM_CCxChannelCmd)
    TIM_ETR_SetConfig                        0x08003abb   Thumb Code    20  stm32f1xx_hal_tim.o(i.TIM_ETR_SetConfig)
    TIM_OC2_SetConfig                        0x08003b31   Thumb Code    84  stm32f1xx_hal_tim.o(i.TIM_OC2_SetConfig)
    TIM_TI1_SetConfig                        0x08003c49   Thumb Code    76  stm32f1xx_hal_tim.o(i.TIM_TI1_SetConfig)
    UART_Start_Receive_DMA                   0x08003fdd   Thumb Code   130  stm32f1xx_hal_uart.o(i.UART_Start_Receive_DMA)
    USART1_IRQHandler                        0x0800406d   Thumb Code    78  stm32f1xx_it.o(i.USART1_IRQHandler)
    USBD_CDC_GetDeviceQualifierDescriptor    0x080041ad   Thumb Code     8  usbd_cdc.o(i.USBD_CDC_GetDeviceQualifierDescriptor)
    USBD_CDC_ReceivePacket                   0x08004271   Thumb Code    40  usbd_cdc.o(i.USBD_CDC_ReceivePacket)
    USBD_CDC_RegisterInterface               0x08004299   Thumb Code    16  usbd_cdc.o(i.USBD_CDC_RegisterInterface)
    USBD_CDC_SetRxBuffer                     0x080042a9   Thumb Code    12  usbd_cdc.o(i.USBD_CDC_SetRxBuffer)
    USBD_CDC_SetTxBuffer                     0x080042b5   Thumb Code    16  usbd_cdc.o(i.USBD_CDC_SetTxBuffer)
    USBD_ClrClassConfig                      0x08004371   Thumb Code    14  usbd_core.o(i.USBD_ClrClassConfig)
    USBD_CtlContinueRx                       0x0800437f   Thumb Code    16  usbd_ioreq.o(i.USBD_CtlContinueRx)
    USBD_CtlContinueSendData                 0x0800438f   Thumb Code    16  usbd_ioreq.o(i.USBD_CtlContinueSendData)
    USBD_CtlError                            0x0800439f   Thumb Code    22  usbd_ctlreq.o(i.USBD_CtlError)
    USBD_CtlPrepareRx                        0x080043b5   Thumb Code    30  usbd_ioreq.o(i.USBD_CtlPrepareRx)
    USBD_CtlReceiveStatus                    0x080043d3   Thumb Code    22  usbd_ioreq.o(i.USBD_CtlReceiveStatus)
    USBD_CtlSendData                         0x080043e9   Thumb Code    26  usbd_ioreq.o(i.USBD_CtlSendData)
    USBD_CtlSendStatus                       0x08004403   Thumb Code    22  usbd_ioreq.o(i.USBD_CtlSendStatus)
    USBD_FS_ConfigStrDescriptor              0x08004419   Thumb Code    16  usbd_desc.o(i.USBD_FS_ConfigStrDescriptor)
    USBD_FS_DeviceDescriptor                 0x08004439   Thumb Code     8  usbd_desc.o(i.USBD_FS_DeviceDescriptor)
    USBD_FS_InterfaceStrDescriptor           0x08004445   Thumb Code    16  usbd_desc.o(i.USBD_FS_InterfaceStrDescriptor)
    USBD_FS_LangIDStrDescriptor              0x08004469   Thumb Code     8  usbd_desc.o(i.USBD_FS_LangIDStrDescriptor)
    USBD_FS_ManufacturerStrDescriptor        0x08004475   Thumb Code    16  usbd_desc.o(i.USBD_FS_ManufacturerStrDescriptor)
    USBD_FS_ProductStrDescriptor             0x0800449d   Thumb Code    16  usbd_desc.o(i.USBD_FS_ProductStrDescriptor)
    USBD_FS_SerialStrDescriptor              0x080044c9   Thumb Code    48  usbd_desc.o(i.USBD_FS_SerialStrDescriptor)
    USBD_GetString                           0x080045e9   Thumb Code    72  usbd_ctlreq.o(i.USBD_GetString)
    USBD_Init                                0x08004649   Thumb Code    42  usbd_core.o(i.USBD_Init)
    USBD_LL_ClearStallEP                     0x08004673   Thumb Code    18  usbd_conf.o(i.USBD_LL_ClearStallEP)
    USBD_LL_CloseEP                          0x08004685   Thumb Code    18  usbd_conf.o(i.USBD_LL_CloseEP)
    USBD_LL_DataInStage                      0x08004697   Thumb Code   198  usbd_core.o(i.USBD_LL_DataInStage)
    USBD_LL_DataOutStage                     0x0800475d   Thumb Code   130  usbd_core.o(i.USBD_LL_DataOutStage)
    USBD_LL_GetRxDataSize                    0x080047df   Thumb Code     8  usbd_conf.o(i.USBD_LL_GetRxDataSize)
    USBD_LL_Init                             0x080047e9   Thumb Code   118  usbd_conf.o(i.USBD_LL_Init)
    USBD_LL_IsStallEP                        0x08004869   Thumb Code    32  usbd_conf.o(i.USBD_LL_IsStallEP)
    USBD_LL_OpenEP                           0x08004889   Thumb Code    24  usbd_conf.o(i.USBD_LL_OpenEP)
    USBD_LL_PrepareReceive                   0x080048a1   Thumb Code    18  usbd_conf.o(i.USBD_LL_PrepareReceive)
    USBD_LL_Reset                            0x080048b3   Thumb Code    80  usbd_core.o(i.USBD_LL_Reset)
    USBD_LL_Resume                           0x08004903   Thumb Code    20  usbd_core.o(i.USBD_LL_Resume)
    USBD_LL_SOF                              0x08004917   Thumb Code    24  usbd_core.o(i.USBD_LL_SOF)
    USBD_LL_SetSpeed                         0x0800492f   Thumb Code     6  usbd_core.o(i.USBD_LL_SetSpeed)
    USBD_LL_SetUSBAddress                    0x08004935   Thumb Code    18  usbd_conf.o(i.USBD_LL_SetUSBAddress)
    USBD_LL_SetupStage                       0x08004947   Thumb Code    90  usbd_core.o(i.USBD_LL_SetupStage)
    USBD_LL_StallEP                          0x080049a1   Thumb Code    18  usbd_conf.o(i.USBD_LL_StallEP)
    USBD_LL_Start                            0x080049b3   Thumb Code    18  usbd_conf.o(i.USBD_LL_Start)
    USBD_LL_Suspend                          0x080049c5   Thumb Code    18  usbd_core.o(i.USBD_LL_Suspend)
    USBD_LL_Transmit                         0x080049d7   Thumb Code    18  usbd_conf.o(i.USBD_LL_Transmit)
    USBD_ParseSetupRequest                   0x080049e9   Thumb Code    40  usbd_ctlreq.o(i.USBD_ParseSetupRequest)
    USBD_RegisterClass                       0x08004a11   Thumb Code    16  usbd_core.o(i.USBD_RegisterClass)
    USBD_SetClassConfig                      0x08004a21   Thumb Code    22  usbd_core.o(i.USBD_SetClassConfig)
    USBD_Start                               0x08004abd   Thumb Code    10  usbd_core.o(i.USBD_Start)
    USBD_StdDevReq                           0x08004ac7   Thumb Code   274  usbd_ctlreq.o(i.USBD_StdDevReq)
    USBD_StdEPReq                            0x08004bd9   Thumb Code   336  usbd_ctlreq.o(i.USBD_StdEPReq)
    USBD_StdItfReq                           0x08004d29   Thumb Code    78  usbd_ctlreq.o(i.USBD_StdItfReq)
    USBD_static_free                         0x08004d77   Thumb Code     2  usbd_conf.o(i.USBD_static_free)
    USBD_static_malloc                       0x08004d79   Thumb Code     4  usbd_conf.o(i.USBD_static_malloc)
    USB_ActivateEndpoint                     0x08004d81   Thumb Code   668  stm32f1xx_ll_usb.o(i.USB_ActivateEndpoint)
    USB_CoreInit                             0x0800501d   Thumb Code     4  stm32f1xx_ll_usb.o(i.USB_CoreInit)
    USB_DeactivateEndpoint                   0x08005021   Thumb Code   270  stm32f1xx_ll_usb.o(i.USB_DeactivateEndpoint)
    USB_DevConnect                           0x0800512f   Thumb Code     4  stm32f1xx_ll_usb.o(i.USB_DevConnect)
    USB_DevDisconnect                        0x08005133   Thumb Code     4  stm32f1xx_ll_usb.o(i.USB_DevDisconnect)
    USB_DevInit                              0x08005137   Thumb Code    18  stm32f1xx_ll_usb.o(i.USB_DevInit)
    USB_DisableGlobalInt                     0x08005149   Thumb Code    14  stm32f1xx_ll_usb.o(i.USB_DisableGlobalInt)
    USB_EP0_OutStart                         0x08005157   Thumb Code     4  stm32f1xx_ll_usb.o(i.USB_EP0_OutStart)
    USB_EPClearStall                         0x0800515b   Thumb Code   120  stm32f1xx_ll_usb.o(i.USB_EPClearStall)
    USB_EPSetStall                           0x080051d3   Thumb Code    50  stm32f1xx_ll_usb.o(i.USB_EPSetStall)
    USB_EPStartXfer                          0x08005205   Thumb Code  1250  stm32f1xx_ll_usb.o(i.USB_EPStartXfer)
    USB_EnableGlobalInt                      0x080056e7   Thumb Code    18  stm32f1xx_ll_usb.o(i.USB_EnableGlobalInt)
    USB_LP_CAN1_RX0_IRQHandler               0x080056f9   Thumb Code     6  stm32f1xx_it.o(i.USB_LP_CAN1_RX0_IRQHandler)
    USB_ReadInterrupts                       0x08005705   Thumb Code     6  stm32f1xx_ll_usb.o(i.USB_ReadInterrupts)
    USB_ReadPMA                              0x0800570d   Thumb Code    44  stm32f1xx_ll_usb.o(i.USB_ReadPMA)
    USB_SetCurrentMode                       0x08005739   Thumb Code     4  stm32f1xx_ll_usb.o(i.USB_SetCurrentMode)
    USB_SetDevAddress                        0x0800573d   Thumb Code    12  stm32f1xx_ll_usb.o(i.USB_SetDevAddress)
    USB_WritePMA                             0x08005749   Thumb Code    38  stm32f1xx_ll_usb.o(i.USB_WritePMA)
    UsageFault_Handler                       0x0800576f   Thumb Code     2  stm32f1xx_it.o(i.UsageFault_Handler)
    main                                     0x08005791   Thumb Code   232  main.o(i.main)
    AHBPrescTable                            0x080058ba   Data          16  system_stm32f1xx.o(.constdata)
    APBPrescTable                            0x080058ca   Data           8  system_stm32f1xx.o(.constdata)
    F6x8                                     0x080058d2   Data         552  bsp_oled_debug.o(.constdata)
    F8X16                                    0x08005afa   Data        1520  bsp_oled_debug.o(.constdata)
    Region$$Table$$Base                      0x080060ec   Number         0  anon$$obj.o(Region$$Table)
    Region$$Table$$Limit                     0x0800610c   Number         0  anon$$obj.o(Region$$Table)
    BMP1                                     0x20000000   Data        1024  main.o(.data)
    myUsbRxNum                               0x20000400   Data           2  main.o(.data)
    RX_USART_1_LEN                           0x20000402   Data           2  main.o(.data)
    RX_FLAG                                  0x20000404   Data           2  main.o(.data)
    uwTickFreq                               0x20000408   Data           1  stm32f1xx_hal.o(.data)
    uwTickPrio                               0x2000040c   Data           4  stm32f1xx_hal.o(.data)
    uwTick                                   0x20000410   Data           4  stm32f1xx_hal.o(.data)
    SystemCoreClock                          0x20000414   Data           4  system_stm32f1xx.o(.data)
    F16x16                                   0x20000418   Data         128  bsp_oled_debug.o(.data)
    FS_Desc                                  0x2000049c   Data          28  usbd_desc.o(.data)
    USBD_LangIDDesc                          0x200004b8   Data           4  usbd_desc.o(.data)
    USBD_FS_DeviceDesc                       0x200004bc   Data          18  usbd_desc.o(.data)
    USBD_StringSerial                        0x200004d0   Data          26  usbd_desc.o(.data)
    USBD_Interface_fops_FS                   0x200004ec   Data          16  usbd_cdc_if.o(.data)
    USBD_CDC_CfgHSDesc                       0x2000050c   Data          67  usbd_cdc.o(.data)
    USBD_CDC_CfgFSDesc                       0x20000550   Data          67  usbd_cdc.o(.data)
    USBD_CDC_OtherSpeedCfgDesc               0x20000594   Data          67  usbd_cdc.o(.data)
    USBD_CDC                                 0x200005d8   Data          56  usbd_cdc.o(.data)
    myUsbRxData                              0x20000610   Data          64  main.o(.bss)
    RX_USART_1                               0x20000650   Data          64  main.o(.bss)
    hi2c2                                    0x20000690   Data          84  i2c.o(.bss)
    htim2                                    0x200006e4   Data          72  tim.o(.bss)
    htim3                                    0x2000072c   Data          72  tim.o(.bss)
    huart1                                   0x20000774   Data          72  usart.o(.bss)
    hdma_usart1_rx                           0x200007bc   Data          68  usart.o(.bss)
    hdma_usart1_tx                           0x20000800   Data          68  usart.o(.bss)
    gpio_initstruct                          0x20000844   Data          16  bsp_iic_debug.o(.bss)
    iic_initstruct                           0x20000854   Data          84  bsp_iic_debug.o(.bss)
    hUsbDeviceFS                             0x200008a8   Data         708  usb_device.o(.bss)
    USBD_StrDesc                             0x20000b6c   Data         512  usbd_desc.o(.bss)
    UserRxBufferFS                           0x20000d6c   Data        1000  usbd_cdc_if.o(.bss)
    UserTxBufferFS                           0x20001154   Data        1000  usbd_cdc_if.o(.bss)
    hpcd_USB_FS                              0x2000175c   Data         752  usbd_conf.o(.bss)
    __libspace_start                         0x20001a4c   Data          96  libspace.o(.bss)
    __temporary_stack_top$libspace           0x20001aac   Data           0  libspace.o(.bss)



==============================================================================

Memory Map of the image

  Image Entry point : 0x080000ed

  Load Region LR_IROM1 (Base: 0x08000000, Size: 0x0000671c, Max: 0x00010000, ABSOLUTE, COMPRESSED[0x00006338])

    Execution Region ER_IROM1 (Exec base: 0x08000000, Load base: 0x08000000, Size: 0x0000610c, Max: 0x00010000, ABSOLUTE)

    Exec Addr    Load Addr    Size         Type   Attr      Idx    E Section Name        Object

    0x08000000   0x08000000   0x000000ec   Data   RO            3    RESET               startup_stm32f103xb.o
    0x080000ec   0x080000ec   0x00000008   Code   RO         5090  * !!!main             c_w.l(__main.o)
    0x080000f4   0x080000f4   0x00000034   Code   RO         5310    !!!scatter          c_w.l(__scatter.o)
    0x08000128   0x08000128   0x0000005a   Code   RO         5308    !!dczerorl2         c_w.l(__dczerorl2.o)
    0x08000182   0x08000182   0x00000002   PAD
    0x08000184   0x08000184   0x0000001c   Code   RO         5312    !!handler_zi        c_w.l(__scatter_zi.o)
    0x080001a0   0x080001a0   0x00000002   Code   RO         5174    .ARM.Collect$$libinit$$00000000  c_w.l(libinit.o)
    0x080001a2   0x080001a2   0x00000000   Code   RO         5183    .ARM.Collect$$libinit$$00000002  c_w.l(libinit2.o)
    0x080001a2   0x080001a2   0x00000000   Code   RO         5185    .ARM.Collect$$libinit$$00000004  c_w.l(libinit2.o)
    0x080001a2   0x080001a2   0x00000000   Code   RO         5188    .ARM.Collect$$libinit$$0000000A  c_w.l(libinit2.o)
    0x080001a2   0x080001a2   0x00000000   Code   RO         5190    .ARM.Collect$$libinit$$0000000C  c_w.l(libinit2.o)
    0x080001a2   0x080001a2   0x00000000   Code   RO         5192    .ARM.Collect$$libinit$$0000000E  c_w.l(libinit2.o)
    0x080001a2   0x080001a2   0x00000000   Code   RO         5195    .ARM.Collect$$libinit$$00000011  c_w.l(libinit2.o)
    0x080001a2   0x080001a2   0x00000000   Code   RO         5197    .ARM.Collect$$libinit$$00000013  c_w.l(libinit2.o)
    0x080001a2   0x080001a2   0x00000000   Code   RO         5199    .ARM.Collect$$libinit$$00000015  c_w.l(libinit2.o)
    0x080001a2   0x080001a2   0x00000000   Code   RO         5201    .ARM.Collect$$libinit$$00000017  c_w.l(libinit2.o)
    0x080001a2   0x080001a2   0x00000000   Code   RO         5203    .ARM.Collect$$libinit$$00000019  c_w.l(libinit2.o)
    0x080001a2   0x080001a2   0x00000000   Code   RO         5205    .ARM.Collect$$libinit$$0000001B  c_w.l(libinit2.o)
    0x080001a2   0x080001a2   0x00000000   Code   RO         5207    .ARM.Collect$$libinit$$0000001D  c_w.l(libinit2.o)
    0x080001a2   0x080001a2   0x00000000   Code   RO         5209    .ARM.Collect$$libinit$$0000001F  c_w.l(libinit2.o)
    0x080001a2   0x080001a2   0x00000000   Code   RO         5211    .ARM.Collect$$libinit$$00000021  c_w.l(libinit2.o)
    0x080001a2   0x080001a2   0x00000000   Code   RO         5213    .ARM.Collect$$libinit$$00000023  c_w.l(libinit2.o)
    0x080001a2   0x080001a2   0x00000000   Code   RO         5215    .ARM.Collect$$libinit$$00000025  c_w.l(libinit2.o)
    0x080001a2   0x080001a2   0x00000000   Code   RO         5219    .ARM.Collect$$libinit$$0000002C  c_w.l(libinit2.o)
    0x080001a2   0x080001a2   0x00000000   Code   RO         5221    .ARM.Collect$$libinit$$0000002E  c_w.l(libinit2.o)
    0x080001a2   0x080001a2   0x00000000   Code   RO         5223    .ARM.Collect$$libinit$$00000030  c_w.l(libinit2.o)
    0x080001a2   0x080001a2   0x00000000   Code   RO         5225    .ARM.Collect$$libinit$$00000032  c_w.l(libinit2.o)
    0x080001a2   0x080001a2   0x00000002   Code   RO         5226    .ARM.Collect$$libinit$$00000033  c_w.l(libinit2.o)
    0x080001a4   0x080001a4   0x00000002   Code   RO         5246    .ARM.Collect$$libshutdown$$00000000  c_w.l(libshutdown.o)
    0x080001a6   0x080001a6   0x00000000   Code   RO         5259    .ARM.Collect$$libshutdown$$00000002  c_w.l(libshutdown2.o)
    0x080001a6   0x080001a6   0x00000000   Code   RO         5261    .ARM.Collect$$libshutdown$$00000004  c_w.l(libshutdown2.o)
    0x080001a6   0x080001a6   0x00000000   Code   RO         5263    .ARM.Collect$$libshutdown$$00000006  c_w.l(libshutdown2.o)
    0x080001a6   0x080001a6   0x00000000   Code   RO         5266    .ARM.Collect$$libshutdown$$00000009  c_w.l(libshutdown2.o)
    0x080001a6   0x080001a6   0x00000000   Code   RO         5269    .ARM.Collect$$libshutdown$$0000000C  c_w.l(libshutdown2.o)
    0x080001a6   0x080001a6   0x00000000   Code   RO         5271    .ARM.Collect$$libshutdown$$0000000E  c_w.l(libshutdown2.o)
    0x080001a6   0x080001a6   0x00000000   Code   RO         5274    .ARM.Collect$$libshutdown$$00000011  c_w.l(libshutdown2.o)
    0x080001a6   0x080001a6   0x00000002   Code   RO         5275    .ARM.Collect$$libshutdown$$00000012  c_w.l(libshutdown2.o)
    0x080001a8   0x080001a8   0x00000000   Code   RO         5136    .ARM.Collect$$rtentry$$00000000  c_w.l(__rtentry.o)
    0x080001a8   0x080001a8   0x00000000   Code   RO         5149    .ARM.Collect$$rtentry$$00000002  c_w.l(__rtentry2.o)
    0x080001a8   0x080001a8   0x00000006   Code   RO         5161    .ARM.Collect$$rtentry$$00000004  c_w.l(__rtentry4.o)
    0x080001ae   0x080001ae   0x00000000   Code   RO         5151    .ARM.Collect$$rtentry$$00000009  c_w.l(__rtentry2.o)
    0x080001ae   0x080001ae   0x00000004   Code   RO         5152    .ARM.Collect$$rtentry$$0000000A  c_w.l(__rtentry2.o)
    0x080001b2   0x080001b2   0x00000000   Code   RO         5154    .ARM.Collect$$rtentry$$0000000C  c_w.l(__rtentry2.o)
    0x080001b2   0x080001b2   0x00000008   Code   RO         5155    .ARM.Collect$$rtentry$$0000000D  c_w.l(__rtentry2.o)
    0x080001ba   0x080001ba   0x00000002   Code   RO         5180    .ARM.Collect$$rtexit$$00000000  c_w.l(rtexit.o)
    0x080001bc   0x080001bc   0x00000000   Code   RO         5228    .ARM.Collect$$rtexit$$00000002  c_w.l(rtexit2.o)
    0x080001bc   0x080001bc   0x00000004   Code   RO         5229    .ARM.Collect$$rtexit$$00000003  c_w.l(rtexit2.o)
    0x080001c0   0x080001c0   0x00000006   Code   RO         5230    .ARM.Collect$$rtexit$$00000004  c_w.l(rtexit2.o)
    0x080001c6   0x080001c6   0x00000002   PAD
    0x080001c8   0x080001c8   0x00000040   Code   RO            4    .text               startup_stm32f103xb.o
    0x08000208   0x08000208   0x0000008a   Code   RO         5080    .text               c_w.l(rt_memcpy_v6.o)
    0x08000292   0x08000292   0x00000064   Code   RO         5082    .text               c_w.l(rt_memcpy_w.o)
    0x080002f6   0x080002f6   0x00000044   Code   RO         5084    .text               c_w.l(rt_memclr.o)
    0x0800033a   0x0800033a   0x0000004e   Code   RO         5086    .text               c_w.l(rt_memclr_w.o)
    0x08000388   0x08000388   0x00000006   Code   RO         5088    .text               c_w.l(heapauxi.o)
    0x0800038e   0x0800038e   0x0000004a   Code   RO         5165    .text               c_w.l(sys_stackheap_outer.o)
    0x080003d8   0x080003d8   0x00000012   Code   RO         5167    .text               c_w.l(exit.o)
    0x080003ea   0x080003ea   0x00000002   PAD
    0x080003ec   0x080003ec   0x00000008   Code   RO         5177    .text               c_w.l(libspace.o)
    0x080003f4   0x080003f4   0x0000000c   Code   RO         5238    .text               c_w.l(sys_exit.o)
    0x08000400   0x08000400   0x00000002   Code   RO         5249    .text               c_w.l(use_no_semi.o)
    0x08000402   0x08000402   0x00000000   Code   RO         5251    .text               c_w.l(indicate_semi.o)
    0x08000402   0x08000402   0x00000002   Code   RO          422    i.BusFault_Handler  stm32f1xx_it.o
    0x08000404   0x08000404   0x00000004   Code   RO         4446    i.CDC_Control_FS    usbd_cdc_if.o
    0x08000408   0x08000408   0x00000004   Code   RO         4447    i.CDC_DeInit_FS     usbd_cdc_if.o
    0x0800040c   0x0800040c   0x00000024   Code   RO         4448    i.CDC_Init_FS       usbd_cdc_if.o
    0x08000430   0x08000430   0x00000044   Code   RO         4449    i.CDC_Receive_FS    usbd_cdc_if.o
    0x08000474   0x08000474   0x00000044   Code   RO         4027    i.DHT11_Init        bsp_dht11.o
    0x080004b8   0x080004b8   0x0000000c   Code   RO          423    i.DMA1_Channel4_IRQHandler  stm32f1xx_it.o
    0x080004c4   0x080004c4   0x0000000c   Code   RO          424    i.DMA1_Channel5_IRQHandler  stm32f1xx_it.o
    0x080004d0   0x080004d0   0x0000002a   Code   RO         1433    i.DMA_SetConfig     stm32f1xx_hal_dma.o
    0x080004fa   0x080004fa   0x00000002   Code   RO          425    i.DebugMon_Handler  stm32f1xx_it.o
    0x080004fc   0x080004fc   0x00000014   Code   RO         4256    i.Delay_1ms         bsp_systick.o
    0x08000510   0x08000510   0x00000004   Code   RO           13    i.Error_Handler     main.o
    0x08000514   0x08000514   0x00000046   Code   RO         1434    i.HAL_DMA_Abort     stm32f1xx_hal_dma.o
    0x0800055a   0x0800055a   0x00000002   PAD
    0x0800055c   0x0800055c   0x00000098   Code   RO         1435    i.HAL_DMA_Abort_IT  stm32f1xx_hal_dma.o
    0x080005f4   0x080005f4   0x00000154   Code   RO         1439    i.HAL_DMA_IRQHandler  stm32f1xx_hal_dma.o
    0x08000748   0x08000748   0x0000005c   Code   RO         1440    i.HAL_DMA_Init      stm32f1xx_hal_dma.o
    0x080007a4   0x080007a4   0x00000070   Code   RO         1444    i.HAL_DMA_Start_IT  stm32f1xx_hal_dma.o
    0x08000814   0x08000814   0x000001e0   Code   RO         1370    i.HAL_GPIO_Init     stm32f1xx_hal_gpio.o
    0x080009f4   0x080009f4   0x0000000a   Code   RO         1374    i.HAL_GPIO_WritePin  stm32f1xx_hal_gpio.o
    0x080009fe   0x080009fe   0x00000002   PAD
    0x08000a00   0x08000a00   0x0000000c   Code   RO         1064    i.HAL_GetTick       stm32f1xx_hal.o
    0x08000a0c   0x08000a0c   0x00000188   Code   RO         2041    i.HAL_I2C_Init      stm32f1xx_hal_i2c.o
    0x08000b94   0x08000b94   0x00000130   Code   RO         2062    i.HAL_I2C_Mem_Write  stm32f1xx_hal_i2c.o
    0x08000cc4   0x08000cc4   0x00000060   Code   RO          285    i.HAL_I2C_MspInit   i2c.o
    0x08000d24   0x08000d24   0x00000010   Code   RO         1070    i.HAL_IncTick       stm32f1xx_hal.o
    0x08000d34   0x08000d34   0x00000024   Code   RO         1071    i.HAL_Init          stm32f1xx_hal.o
    0x08000d58   0x08000d58   0x00000040   Code   RO         1072    i.HAL_InitTick      stm32f1xx_hal.o
    0x08000d98   0x08000d98   0x0000003c   Code   RO          528    i.HAL_MspInit       stm32f1xx_hal_msp.o
    0x08000dd4   0x08000dd4   0x0000001a   Code   RO         1530    i.HAL_NVIC_EnableIRQ  stm32f1xx_hal_cortex.o
    0x08000dee   0x08000dee   0x00000002   PAD
    0x08000df0   0x08000df0   0x00000040   Code   RO         1536    i.HAL_NVIC_SetPriority  stm32f1xx_hal_cortex.o
    0x08000e30   0x08000e30   0x00000024   Code   RO         1537    i.HAL_NVIC_SetPriorityGrouping  stm32f1xx_hal_cortex.o
    0x08000e54   0x08000e54   0x0000003c   Code   RO          827    i.HAL_PCDEx_PMAConfig  stm32f1xx_hal_pcd_ex.o
    0x08000e90   0x08000e90   0x00000002   Code   RO         4498    i.HAL_PCDEx_SetConnectionState  usbd_conf.o
    0x08000e92   0x08000e92   0x00000012   Code   RO         4500    i.HAL_PCD_DataInStageCallback  usbd_conf.o
    0x08000ea4   0x08000ea4   0x00000014   Code   RO         4501    i.HAL_PCD_DataOutStageCallback  usbd_conf.o
    0x08000eb8   0x08000eb8   0x0000004c   Code   RO          598    i.HAL_PCD_EP_Close  stm32f1xx_hal_pcd.o
    0x08000f04   0x08000f04   0x0000005c   Code   RO          599    i.HAL_PCD_EP_ClrStall  stm32f1xx_hal_pcd.o
    0x08000f60   0x08000f60   0x000000e6   Code   RO          600    i.HAL_PCD_EP_DB_Receive  stm32f1xx_hal_pcd.o
    0x08001046   0x08001046   0x00000338   Code   RO          601    i.HAL_PCD_EP_DB_Transmit  stm32f1xx_hal_pcd.o
    0x0800137e   0x0800137e   0x00000012   Code   RO          603    i.HAL_PCD_EP_GetRxCount  stm32f1xx_hal_pcd.o
    0x08001390   0x08001390   0x0000005a   Code   RO          604    i.HAL_PCD_EP_Open   stm32f1xx_hal_pcd.o
    0x080013ea   0x080013ea   0x0000002e   Code   RO          605    i.HAL_PCD_EP_Receive  stm32f1xx_hal_pcd.o
    0x08001418   0x08001418   0x00000072   Code   RO          606    i.HAL_PCD_EP_SetStall  stm32f1xx_hal_pcd.o
    0x0800148a   0x0800148a   0x00000030   Code   RO          607    i.HAL_PCD_EP_Transmit  stm32f1xx_hal_pcd.o
    0x080014ba   0x080014ba   0x00000002   PAD
    0x080014bc   0x080014bc   0x00000134   Code   RO          609    i.HAL_PCD_IRQHandler  stm32f1xx_hal_pcd.o
    0x080015f0   0x080015f0   0x000000da   Code   RO          612    i.HAL_PCD_Init      stm32f1xx_hal_pcd.o
    0x080016ca   0x080016ca   0x00000002   PAD
    0x080016cc   0x080016cc   0x0000003c   Code   RO         4506    i.HAL_PCD_MspInit   usbd_conf.o
    0x08001708   0x08001708   0x00000026   Code   RO         4507    i.HAL_PCD_ResetCallback  usbd_conf.o
    0x0800172e   0x0800172e   0x00000008   Code   RO         4508    i.HAL_PCD_ResumeCallback  usbd_conf.o
    0x08001736   0x08001736   0x00000008   Code   RO         4509    i.HAL_PCD_SOFCallback  usbd_conf.o
    0x0800173e   0x0800173e   0x00000028   Code   RO          618    i.HAL_PCD_SetAddress  stm32f1xx_hal_pcd.o
    0x08001766   0x08001766   0x0000000e   Code   RO         4510    i.HAL_PCD_SetupStageCallback  usbd_conf.o
    0x08001774   0x08001774   0x00000032   Code   RO          620    i.HAL_PCD_Start     stm32f1xx_hal_pcd.o
    0x080017a6   0x080017a6   0x00000002   PAD
    0x080017a8   0x080017a8   0x00000024   Code   RO         4511    i.HAL_PCD_SuspendCallback  usbd_conf.o
    0x080017cc   0x080017cc   0x000000ec   Code   RO         1332    i.HAL_RCCEx_PeriphCLKConfig  stm32f1xx_hal_rcc_ex.o
    0x080018b8   0x080018b8   0x0000012c   Code   RO         1228    i.HAL_RCC_ClockConfig  stm32f1xx_hal_rcc.o
    0x080019e4   0x080019e4   0x00000020   Code   RO         1235    i.HAL_RCC_GetPCLK1Freq  stm32f1xx_hal_rcc.o
    0x08001a04   0x08001a04   0x00000020   Code   RO         1236    i.HAL_RCC_GetPCLK2Freq  stm32f1xx_hal_rcc.o
    0x08001a24   0x08001a24   0x0000004c   Code   RO         1237    i.HAL_RCC_GetSysClockFreq  stm32f1xx_hal_rcc.o
    0x08001a70   0x08001a70   0x00000320   Code   RO         1240    i.HAL_RCC_OscConfig  stm32f1xx_hal_rcc.o
    0x08001d90   0x08001d90   0x00000028   Code   RO         1541    i.HAL_SYSTICK_Config  stm32f1xx_hal_cortex.o
    0x08001db8   0x08001db8   0x00000002   Code   RO         3173    i.HAL_TIMEx_BreakCallback  stm32f1xx_hal_tim_ex.o
    0x08001dba   0x08001dba   0x00000002   Code   RO         3174    i.HAL_TIMEx_CommutCallback  stm32f1xx_hal_tim_ex.o
    0x08001dbc   0x08001dbc   0x00000068   Code   RO         3192    i.HAL_TIMEx_MasterConfigSynchronization  stm32f1xx_hal_tim_ex.o
    0x08001e24   0x08001e24   0x0000005a   Code   RO         2469    i.HAL_TIM_Base_Init  stm32f1xx_hal_tim.o
    0x08001e7e   0x08001e7e   0x00000002   PAD
    0x08001e80   0x08001e80   0x00000094   Code   RO          327    i.HAL_TIM_Base_MspInit  tim.o
    0x08001f14   0x08001f14   0x00000058   Code   RO         2474    i.HAL_TIM_Base_Start_IT  stm32f1xx_hal_tim.o
    0x08001f6c   0x08001f6c   0x000000dc   Code   RO         2478    i.HAL_TIM_ConfigClockSource  stm32f1xx_hal_tim.o
    0x08002048   0x08002048   0x00000002   Code   RO         2503    i.HAL_TIM_IC_CaptureCallback  stm32f1xx_hal_tim.o
    0x0800204a   0x0800204a   0x00000124   Code   RO         2505    i.HAL_TIM_IC_ConfigChannel  stm32f1xx_hal_tim.o
    0x0800216e   0x0800216e   0x0000005a   Code   RO         2508    i.HAL_TIM_IC_Init   stm32f1xx_hal_tim.o
    0x080021c8   0x080021c8   0x00000002   Code   RO         2510    i.HAL_TIM_IC_MspInit  stm32f1xx_hal_tim.o
    0x080021ca   0x080021ca   0x00000002   PAD
    0x080021cc   0x080021cc   0x000000b8   Code   RO         2511    i.HAL_TIM_IC_Start  stm32f1xx_hal_tim.o
    0x08002284   0x08002284   0x000000e4   Code   RO         2513    i.HAL_TIM_IC_Start_IT  stm32f1xx_hal_tim.o
    0x08002368   0x08002368   0x00000166   Code   RO         2517    i.HAL_TIM_IRQHandler  stm32f1xx_hal_tim.o
    0x080024ce   0x080024ce   0x00000002   PAD
    0x080024d0   0x080024d0   0x00000070   Code   RO          328    i.HAL_TIM_MspPostInit  tim.o
    0x08002540   0x08002540   0x00000002   Code   RO         2520    i.HAL_TIM_OC_DelayElapsedCallback  stm32f1xx_hal_tim.o
    0x08002542   0x08002542   0x000000cc   Code   RO         2541    i.HAL_TIM_PWM_ConfigChannel  stm32f1xx_hal_tim.o
    0x0800260e   0x0800260e   0x0000005a   Code   RO         2544    i.HAL_TIM_PWM_Init  stm32f1xx_hal_tim.o
    0x08002668   0x08002668   0x00000002   Code   RO         2546    i.HAL_TIM_PWM_MspInit  stm32f1xx_hal_tim.o
    0x0800266a   0x0800266a   0x00000002   Code   RO         2547    i.HAL_TIM_PWM_PulseFinishedCallback  stm32f1xx_hal_tim.o
    0x0800266c   0x0800266c   0x0000009c   Code   RO         2549    i.HAL_TIM_PWM_Start  stm32f1xx_hal_tim.o
    0x08002708   0x08002708   0x00000002   Code   RO         2555    i.HAL_TIM_PeriodElapsedCallback  stm32f1xx_hal_tim.o
    0x0800270a   0x0800270a   0x00000002   Code   RO         2560    i.HAL_TIM_TriggerCallback  stm32f1xx_hal_tim.o
    0x0800270c   0x0800270c   0x00000002   Code   RO         3452    i.HAL_UARTEx_RxEventCallback  stm32f1xx_hal_uart.o
    0x0800270e   0x0800270e   0x00000070   Code   RO         3464    i.HAL_UART_DMAStop  stm32f1xx_hal_uart.o
    0x0800277e   0x0800277e   0x00000002   Code   RO         3466    i.HAL_UART_ErrorCallback  stm32f1xx_hal_uart.o
    0x08002780   0x08002780   0x0000026c   Code   RO         3469    i.HAL_UART_IRQHandler  stm32f1xx_hal_uart.o
    0x080029ec   0x080029ec   0x00000064   Code   RO         3470    i.HAL_UART_Init     stm32f1xx_hal_uart.o
    0x08002a50   0x08002a50   0x000000dc   Code   RO          381    i.HAL_UART_MspInit  usart.o
    0x08002b2c   0x08002b2c   0x0000001c   Code   RO         3474    i.HAL_UART_Receive_DMA  stm32f1xx_hal_uart.o
    0x08002b48   0x08002b48   0x00000002   Code   RO         3476    i.HAL_UART_RxCpltCallback  stm32f1xx_hal_uart.o
    0x08002b4a   0x08002b4a   0x00000002   Code   RO         3477    i.HAL_UART_RxHalfCpltCallback  stm32f1xx_hal_uart.o
    0x08002b4c   0x08002b4c   0x00000002   Code   RO         3481    i.HAL_UART_TxCpltCallback  stm32f1xx_hal_uart.o
    0x08002b4e   0x08002b4e   0x00000002   Code   RO          426    i.HardFault_Handler  stm32f1xx_it.o
    0x08002b50   0x08002b50   0x0000002e   Code   RO         2084    i.I2C_IsAcknowledgeFailed  stm32f1xx_hal_i2c.o
    0x08002b7e   0x08002b7e   0x00000002   PAD
    0x08002b80   0x08002b80   0x000000a8   Code   RO         2095    i.I2C_RequestMemoryWrite  stm32f1xx_hal_i2c.o
    0x08002c28   0x08002c28   0x00000056   Code   RO         2099    i.I2C_WaitOnBTFFlagUntilTimeout  stm32f1xx_hal_i2c.o
    0x08002c7e   0x08002c7e   0x00000002   PAD
    0x08002c80   0x08002c80   0x00000090   Code   RO         2100    i.I2C_WaitOnFlagUntilTimeout  stm32f1xx_hal_i2c.o
    0x08002d10   0x08002d10   0x000000bc   Code   RO         2101    i.I2C_WaitOnMasterAddressFlagUntilTimeout  stm32f1xx_hal_i2c.o
    0x08002dcc   0x08002dcc   0x00000056   Code   RO         2103    i.I2C_WaitOnTXEFlagUntilTimeout  stm32f1xx_hal_i2c.o
    0x08002e22   0x08002e22   0x00000002   PAD
    0x08002e24   0x08002e24   0x0000009c   Code   RO         4104    i.IIC_GPIO_Config   bsp_iic_debug.o
    0x08002ec0   0x08002ec0   0x00000038   Code   RO         4360    i.IntToUnicode      usbd_desc.o
    0x08002ef8   0x08002ef8   0x0000003c   Code   RO          260    i.MX_DMA_Init       dma.o
    0x08002f34   0x08002f34   0x0000009c   Code   RO          232    i.MX_GPIO_Init      gpio.o
    0x08002fd0   0x08002fd0   0x00000040   Code   RO          286    i.MX_I2C2_Init      i2c.o
    0x08003010   0x08003010   0x000000ac   Code   RO          329    i.MX_TIM2_Init      tim.o
    0x080030bc   0x080030bc   0x000000bc   Code   RO          330    i.MX_TIM3_Init      tim.o
    0x08003178   0x08003178   0x00000070   Code   RO          382    i.MX_USART1_UART_Init  usart.o
    0x080031e8   0x080031e8   0x00000054   Code   RO         4312    i.MX_USB_DEVICE_Init  usb_device.o
    0x0800323c   0x0800323c   0x00000002   Code   RO          427    i.MemManage_Handler  stm32f1xx_it.o
    0x0800323e   0x0800323e   0x00000002   Code   RO          428    i.NMI_Handler       stm32f1xx_it.o
    0x08003240   0x08003240   0x00000006   Code   RO         4170    i.OLED_CLS          bsp_oled_debug.o
    0x08003246   0x08003246   0x0000003e   Code   RO         4171    i.OLED_DrawBMP      bsp_oled_debug.o
    0x08003284   0x08003284   0x00000038   Code   RO         4172    i.OLED_Fill         bsp_oled_debug.o
    0x080032bc   0x080032bc   0x000000d2   Code   RO         4173    i.OLED_Init         bsp_oled_debug.o
    0x0800338e   0x0800338e   0x00000018   Code   RO         4174    i.OLED_OFF          bsp_oled_debug.o
    0x080033a6   0x080033a6   0x00000018   Code   RO         4175    i.OLED_ON           bsp_oled_debug.o
    0x080033be   0x080033be   0x00000026   Code   RO         4176    i.OLED_SetPos       bsp_oled_debug.o
    0x080033e4   0x080033e4   0x00000048   Code   RO         4177    i.OLED_ShowCN       bsp_oled_debug.o
    0x0800342c   0x0800342c   0x000000d8   Code   RO         4178    i.OLED_ShowStr      bsp_oled_debug.o
    0x08003504   0x08003504   0x00000024   Code   RO         4179    i.Oled_Write_Cmd    bsp_oled_debug.o
    0x08003528   0x08003528   0x00000024   Code   RO         4180    i.Oled_Write_Data   bsp_oled_debug.o
    0x0800354c   0x0800354c   0x000003ac   Code   RO          624    i.PCD_EP_ISR_Handler  stm32f1xx_hal_pcd.o
    0x080038f8   0x080038f8   0x00000002   Code   RO          429    i.PendSV_Handler    stm32f1xx_it.o
    0x080038fa   0x080038fa   0x00000004   Code   RO         3956    i.SG90_PWM_START    sg90.o
    0x080038fe   0x080038fe   0x00000002   Code   RO          430    i.SVC_Handler       stm32f1xx_it.o
    0x08003900   0x08003900   0x00000004   Code   RO          431    i.SysTick_Handler   stm32f1xx_it.o
    0x08003904   0x08003904   0x00000078   Code   RO           14    i.SystemClock_Config  main.o
    0x0800397c   0x0800397c   0x00000002   Code   RO         3804    i.SystemInit        system_stm32f1xx.o
    0x0800397e   0x0800397e   0x00000002   PAD
    0x08003980   0x08003980   0x00000020   Code   RO         4257    i.Systick_Init      bsp_systick.o
    0x080039a0   0x080039a0   0x00000004   Code   RO         3985    i.TB6612_SET        tb6612.o
    0x080039a4   0x080039a4   0x00000080   Code   RO         3986    i.TB6612_SET_DIRECTION  tb6612.o
    0x08003a24   0x08003a24   0x00000004   Code   RO         3988    i.TB6612_SET_START  tb6612.o
    0x08003a28   0x08003a28   0x0000000c   Code   RO          432    i.TIM2_IRQHandler   stm32f1xx_it.o
    0x08003a34   0x08003a34   0x0000006c   Code   RO         2562    i.TIM_Base_SetConfig  stm32f1xx_hal_tim.o
    0x08003aa0   0x08003aa0   0x0000001a   Code   RO         2563    i.TIM_CCxChannelCmd  stm32f1xx_hal_tim.o
    0x08003aba   0x08003aba   0x00000014   Code   RO         2573    i.TIM_ETR_SetConfig  stm32f1xx_hal_tim.o
    0x08003ace   0x08003ace   0x00000010   Code   RO         2574    i.TIM_ITRx_SetConfig  stm32f1xx_hal_tim.o
    0x08003ade   0x08003ade   0x00000002   PAD
    0x08003ae0   0x08003ae0   0x00000050   Code   RO         2575    i.TIM_OC1_SetConfig  stm32f1xx_hal_tim.o
    0x08003b30   0x08003b30   0x00000058   Code   RO         2576    i.TIM_OC2_SetConfig  stm32f1xx_hal_tim.o
    0x08003b88   0x08003b88   0x00000058   Code   RO         2577    i.TIM_OC3_SetConfig  stm32f1xx_hal_tim.o
    0x08003be0   0x08003be0   0x00000044   Code   RO         2578    i.TIM_OC4_SetConfig  stm32f1xx_hal_tim.o
    0x08003c24   0x08003c24   0x00000022   Code   RO         2580    i.TIM_TI1_ConfigInputStage  stm32f1xx_hal_tim.o
    0x08003c46   0x08003c46   0x00000002   PAD
    0x08003c48   0x08003c48   0x00000058   Code   RO         2581    i.TIM_TI1_SetConfig  stm32f1xx_hal_tim.o
    0x08003ca0   0x08003ca0   0x00000024   Code   RO         2582    i.TIM_TI2_ConfigInputStage  stm32f1xx_hal_tim.o
    0x08003cc4   0x08003cc4   0x00000036   Code   RO         2583    i.TIM_TI2_SetConfig  stm32f1xx_hal_tim.o
    0x08003cfa   0x08003cfa   0x00000010   Code   RO         3483    i.UART_DMAAbortOnError  stm32f1xx_hal_uart.o
    0x08003d0a   0x08003d0a   0x0000004a   Code   RO         3484    i.UART_DMAError     stm32f1xx_hal_uart.o
    0x08003d54   0x08003d54   0x00000086   Code   RO         3485    i.UART_DMAReceiveCplt  stm32f1xx_hal_uart.o
    0x08003dda   0x08003dda   0x0000001e   Code   RO         3487    i.UART_DMARxHalfCplt  stm32f1xx_hal_uart.o
    0x08003df8   0x08003df8   0x0000004e   Code   RO         3493    i.UART_EndRxTransfer  stm32f1xx_hal_uart.o
    0x08003e46   0x08003e46   0x0000001c   Code   RO         3494    i.UART_EndTxTransfer  stm32f1xx_hal_uart.o
    0x08003e62   0x08003e62   0x000000c2   Code   RO         3495    i.UART_Receive_IT   stm32f1xx_hal_uart.o
    0x08003f24   0x08003f24   0x000000b8   Code   RO         3496    i.UART_SetConfig    stm32f1xx_hal_uart.o
    0x08003fdc   0x08003fdc   0x00000090   Code   RO         3497    i.UART_Start_Receive_DMA  stm32f1xx_hal_uart.o
    0x0800406c   0x0800406c   0x00000064   Code   RO          433    i.USART1_IRQHandler  stm32f1xx_it.o
    0x080040d0   0x080040d0   0x00000046   Code   RO         4973    i.USBD_CDC_DataIn   usbd_cdc.o
    0x08004116   0x08004116   0x0000002e   Code   RO         4974    i.USBD_CDC_DataOut  usbd_cdc.o
    0x08004144   0x08004144   0x00000044   Code   RO         4975    i.USBD_CDC_DeInit   usbd_cdc.o
    0x08004188   0x08004188   0x00000024   Code   RO         4976    i.USBD_CDC_EP0_RxReady  usbd_cdc.o
    0x080041ac   0x080041ac   0x0000000c   Code   RO         4977    i.USBD_CDC_GetDeviceQualifierDescriptor  usbd_cdc.o
    0x080041b8   0x080041b8   0x0000000c   Code   RO         4978    i.USBD_CDC_GetFSCfgDesc  usbd_cdc.o
    0x080041c4   0x080041c4   0x0000000c   Code   RO         4979    i.USBD_CDC_GetHSCfgDesc  usbd_cdc.o
    0x080041d0   0x080041d0   0x0000000c   Code   RO         4980    i.USBD_CDC_GetOtherSpeedCfgDesc  usbd_cdc.o
    0x080041dc   0x080041dc   0x00000094   Code   RO         4981    i.USBD_CDC_Init     usbd_cdc.o
    0x08004270   0x08004270   0x00000028   Code   RO         4982    i.USBD_CDC_ReceivePacket  usbd_cdc.o
    0x08004298   0x08004298   0x00000010   Code   RO         4983    i.USBD_CDC_RegisterInterface  usbd_cdc.o
    0x080042a8   0x080042a8   0x0000000c   Code   RO         4984    i.USBD_CDC_SetRxBuffer  usbd_cdc.o
    0x080042b4   0x080042b4   0x00000010   Code   RO         4985    i.USBD_CDC_SetTxBuffer  usbd_cdc.o
    0x080042c4   0x080042c4   0x000000ac   Code   RO         4986    i.USBD_CDC_Setup    usbd_cdc.o
    0x08004370   0x08004370   0x0000000e   Code   RO         4710    i.USBD_ClrClassConfig  usbd_core.o
    0x0800437e   0x0800437e   0x00000010   Code   RO         4913    i.USBD_CtlContinueRx  usbd_ioreq.o
    0x0800438e   0x0800438e   0x00000010   Code   RO         4914    i.USBD_CtlContinueSendData  usbd_ioreq.o
    0x0800439e   0x0800439e   0x00000016   Code   RO         4848    i.USBD_CtlError     usbd_ctlreq.o
    0x080043b4   0x080043b4   0x0000001e   Code   RO         4915    i.USBD_CtlPrepareRx  usbd_ioreq.o
    0x080043d2   0x080043d2   0x00000016   Code   RO         4916    i.USBD_CtlReceiveStatus  usbd_ioreq.o
    0x080043e8   0x080043e8   0x0000001a   Code   RO         4917    i.USBD_CtlSendData  usbd_ioreq.o
    0x08004402   0x08004402   0x00000016   Code   RO         4918    i.USBD_CtlSendStatus  usbd_ioreq.o
    0x08004418   0x08004418   0x00000020   Code   RO         4361    i.USBD_FS_ConfigStrDescriptor  usbd_desc.o
    0x08004438   0x08004438   0x0000000c   Code   RO         4362    i.USBD_FS_DeviceDescriptor  usbd_desc.o
    0x08004444   0x08004444   0x00000024   Code   RO         4363    i.USBD_FS_InterfaceStrDescriptor  usbd_desc.o
    0x08004468   0x08004468   0x0000000c   Code   RO         4364    i.USBD_FS_LangIDStrDescriptor  usbd_desc.o
    0x08004474   0x08004474   0x00000028   Code   RO         4365    i.USBD_FS_ManufacturerStrDescriptor  usbd_desc.o
    0x0800449c   0x0800449c   0x0000002c   Code   RO         4366    i.USBD_FS_ProductStrDescriptor  usbd_desc.o
    0x080044c8   0x080044c8   0x00000038   Code   RO         4367    i.USBD_FS_SerialStrDescriptor  usbd_desc.o
    0x08004500   0x08004500   0x000000e8   Code   RO         4849    i.USBD_GetDescriptor  usbd_ctlreq.o
    0x080045e8   0x080045e8   0x00000048   Code   RO         4850    i.USBD_GetString    usbd_ctlreq.o
    0x08004630   0x08004630   0x00000018   Code   RO         4512    i.USBD_Get_USB_Status  usbd_conf.o
    0x08004648   0x08004648   0x0000002a   Code   RO         4712    i.USBD_Init         usbd_core.o
    0x08004672   0x08004672   0x00000012   Code   RO         4513    i.USBD_LL_ClearStallEP  usbd_conf.o
    0x08004684   0x08004684   0x00000012   Code   RO         4514    i.USBD_LL_CloseEP   usbd_conf.o
    0x08004696   0x08004696   0x000000c6   Code   RO         4713    i.USBD_LL_DataInStage  usbd_core.o
    0x0800475c   0x0800475c   0x00000082   Code   RO         4714    i.USBD_LL_DataOutStage  usbd_core.o
    0x080047de   0x080047de   0x00000008   Code   RO         4518    i.USBD_LL_GetRxDataSize  usbd_conf.o
    0x080047e6   0x080047e6   0x00000002   PAD
    0x080047e8   0x080047e8   0x00000080   Code   RO         4519    i.USBD_LL_Init      usbd_conf.o
    0x08004868   0x08004868   0x00000020   Code   RO         4520    i.USBD_LL_IsStallEP  usbd_conf.o
    0x08004888   0x08004888   0x00000018   Code   RO         4521    i.USBD_LL_OpenEP    usbd_conf.o
    0x080048a0   0x080048a0   0x00000012   Code   RO         4522    i.USBD_LL_PrepareReceive  usbd_conf.o
    0x080048b2   0x080048b2   0x00000050   Code   RO         4719    i.USBD_LL_Reset     usbd_core.o
    0x08004902   0x08004902   0x00000014   Code   RO         4720    i.USBD_LL_Resume    usbd_core.o
    0x08004916   0x08004916   0x00000018   Code   RO         4721    i.USBD_LL_SOF       usbd_core.o
    0x0800492e   0x0800492e   0x00000006   Code   RO         4722    i.USBD_LL_SetSpeed  usbd_core.o
    0x08004934   0x08004934   0x00000012   Code   RO         4523    i.USBD_LL_SetUSBAddress  usbd_conf.o
    0x08004946   0x08004946   0x0000005a   Code   RO         4723    i.USBD_LL_SetupStage  usbd_core.o
    0x080049a0   0x080049a0   0x00000012   Code   RO         4524    i.USBD_LL_StallEP   usbd_conf.o
    0x080049b2   0x080049b2   0x00000012   Code   RO         4525    i.USBD_LL_Start     usbd_conf.o
    0x080049c4   0x080049c4   0x00000012   Code   RO         4724    i.USBD_LL_Suspend   usbd_core.o
    0x080049d6   0x080049d6   0x00000012   Code   RO         4527    i.USBD_LL_Transmit  usbd_conf.o
    0x080049e8   0x080049e8   0x00000028   Code   RO         4851    i.USBD_ParseSetupRequest  usbd_ctlreq.o
    0x08004a10   0x08004a10   0x00000010   Code   RO         4725    i.USBD_RegisterClass  usbd_core.o
    0x08004a20   0x08004a20   0x00000016   Code   RO         4727    i.USBD_SetClassConfig  usbd_core.o
    0x08004a36   0x08004a36   0x00000002   PAD
    0x08004a38   0x08004a38   0x00000084   Code   RO         4852    i.USBD_SetConfig    usbd_ctlreq.o
    0x08004abc   0x08004abc   0x0000000a   Code   RO         4728    i.USBD_Start        usbd_core.o
    0x08004ac6   0x08004ac6   0x00000112   Code   RO         4853    i.USBD_StdDevReq    usbd_ctlreq.o
    0x08004bd8   0x08004bd8   0x00000150   Code   RO         4854    i.USBD_StdEPReq     usbd_ctlreq.o
    0x08004d28   0x08004d28   0x0000004e   Code   RO         4855    i.USBD_StdItfReq    usbd_ctlreq.o
    0x08004d76   0x08004d76   0x00000002   Code   RO         4528    i.USBD_static_free  usbd_conf.o
    0x08004d78   0x08004d78   0x00000008   Code   RO         4529    i.USBD_static_malloc  usbd_conf.o
    0x08004d80   0x08004d80   0x0000029c   Code   RO          867    i.USB_ActivateEndpoint  stm32f1xx_ll_usb.o
    0x0800501c   0x0800501c   0x00000004   Code   RO          870    i.USB_CoreInit      stm32f1xx_ll_usb.o
    0x08005020   0x08005020   0x0000010e   Code   RO          872    i.USB_DeactivateEndpoint  stm32f1xx_ll_usb.o
    0x0800512e   0x0800512e   0x00000004   Code   RO          873    i.USB_DevConnect    stm32f1xx_ll_usb.o
    0x08005132   0x08005132   0x00000004   Code   RO          874    i.USB_DevDisconnect  stm32f1xx_ll_usb.o
    0x08005136   0x08005136   0x00000012   Code   RO          875    i.USB_DevInit       stm32f1xx_ll_usb.o
    0x08005148   0x08005148   0x0000000e   Code   RO          876    i.USB_DisableGlobalInt  stm32f1xx_ll_usb.o
    0x08005156   0x08005156   0x00000004   Code   RO          877    i.USB_EP0_OutStart  stm32f1xx_ll_usb.o
    0x0800515a   0x0800515a   0x00000078   Code   RO          878    i.USB_EPClearStall  stm32f1xx_ll_usb.o
    0x080051d2   0x080051d2   0x00000032   Code   RO          879    i.USB_EPSetStall    stm32f1xx_ll_usb.o
    0x08005204   0x08005204   0x000004e2   Code   RO          880    i.USB_EPStartXfer   stm32f1xx_ll_usb.o
    0x080056e6   0x080056e6   0x00000012   Code   RO          882    i.USB_EnableGlobalInt  stm32f1xx_ll_usb.o
    0x080056f8   0x080056f8   0x0000000c   Code   RO          434    i.USB_LP_CAN1_RX0_IRQHandler  stm32f1xx_it.o
    0x08005704   0x08005704   0x00000006   Code   RO          889    i.USB_ReadInterrupts  stm32f1xx_ll_usb.o
    0x0800570a   0x0800570a   0x00000002   PAD
    0x0800570c   0x0800570c   0x0000002c   Code   RO          890    i.USB_ReadPMA       stm32f1xx_ll_usb.o
    0x08005738   0x08005738   0x00000004   Code   RO          891    i.USB_SetCurrentMode  stm32f1xx_ll_usb.o
    0x0800573c   0x0800573c   0x0000000c   Code   RO          892    i.USB_SetDevAddress  stm32f1xx_ll_usb.o
    0x08005748   0x08005748   0x00000026   Code   RO          894    i.USB_WritePMA      stm32f1xx_ll_usb.o
    0x0800576e   0x0800576e   0x00000002   Code   RO          435    i.UsageFault_Handler  stm32f1xx_it.o
    0x08005770   0x08005770   0x00000020   Code   RO         1543    i.__NVIC_SetPriority  stm32f1xx_hal_cortex.o
    0x08005790   0x08005790   0x00000118   Code   RO           15    i.main              main.o
    0x080058a8   0x080058a8   0x00000012   Data   RO         1241    .constdata          stm32f1xx_hal_rcc.o
    0x080058ba   0x080058ba   0x00000010   Data   RO         3805    .constdata          system_stm32f1xx.o
    0x080058ca   0x080058ca   0x00000008   Data   RO         3806    .constdata          system_stm32f1xx.o
    0x080058d2   0x080058d2   0x00000818   Data   RO         4181    .constdata          bsp_oled_debug.o
    0x080060ea   0x080060ea   0x00000002   PAD
    0x080060ec   0x080060ec   0x00000020   Data   RO         5306    Region$$Table       anon$$obj.o


    Execution Region RW_IRAM1 (Exec base: 0x20000000, Load base: 0x0800610c, Size: 0x000020b0, Max: 0x00005000, ABSOLUTE, COMPRESSED[0x0000022c])

    Exec Addr    Load Addr    Size         Type   Attr      Idx    E Section Name        Object

    0x20000000   COMPRESSED   0x00000400   Data   RW           18    .data               main.o
    0x20000400   COMPRESSED   0x00000002   Data   RW           19    .data               main.o
    0x20000402   COMPRESSED   0x00000002   Data   RW           20    .data               main.o
    0x20000404   COMPRESSED   0x00000002   Data   RW           21    .data               main.o
    0x20000406   COMPRESSED   0x00000002   PAD
    0x20000408   COMPRESSED   0x0000000c   Data   RW         1078    .data               stm32f1xx_hal.o
    0x20000414   COMPRESSED   0x00000004   Data   RW         3807    .data               system_stm32f1xx.o
    0x20000418   COMPRESSED   0x00000080   Data   RW         4182    .data               bsp_oled_debug.o
    0x20000498   COMPRESSED   0x00000004   Data   RW         4259    .data               bsp_systick.o
    0x2000049c   COMPRESSED   0x0000001c   Data   RW         4369    .data               usbd_desc.o
    0x200004b8   COMPRESSED   0x00000032   Data   RW         4370    .data               usbd_desc.o
    0x200004ea   COMPRESSED   0x00000002   PAD
    0x200004ec   COMPRESSED   0x00000010   Data   RW         4452    .data               usbd_cdc_if.o
    0x200004fc   COMPRESSED   0x00000001   Data   RW         4856    .data               usbd_ctlreq.o
    0x200004fd   COMPRESSED   0x00000003   PAD
    0x20000500   COMPRESSED   0x000000d7   Data   RW         4988    .data               usbd_cdc.o
    0x200005d7   COMPRESSED   0x00000001   PAD
    0x200005d8   COMPRESSED   0x00000038   Data   RW         4989    .data               usbd_cdc.o
    0x20000610        -       0x00000040   Zero   RW           16    .bss                main.o
    0x20000650        -       0x00000040   Zero   RW           17    .bss                main.o
    0x20000690        -       0x00000054   Zero   RW          287    .bss                i2c.o
    0x200006e4        -       0x00000090   Zero   RW          331    .bss                tim.o
    0x20000774        -       0x000000d0   Zero   RW          383    .bss                usart.o
    0x20000844        -       0x00000064   Zero   RW         4110    .bss                bsp_iic_debug.o
    0x200008a8        -       0x000002c4   Zero   RW         4313    .bss                usb_device.o
    0x20000b6c        -       0x00000200   Zero   RW         4368    .bss                usbd_desc.o
    0x20000d6c        -       0x000007d0   Zero   RW         4451    .bss                usbd_cdc_if.o
    0x2000153c        -       0x00000510   Zero   RW         4530    .bss                usbd_conf.o
    0x20001a4c        -       0x00000060   Zero   RW         5178    .bss                c_w.l(libspace.o)
    0x20001aac   COMPRESSED   0x00000004   PAD
    0x20001ab0        -       0x00000200   Zero   RW            2    HEAP                startup_stm32f103xb.o
    0x20001cb0        -       0x00000400   Zero   RW            1    STACK               startup_stm32f103xb.o


==============================================================================

Image component sizes


      Code (inc. data)   RO Data    RW Data    ZI Data      Debug   Object Name

        68         10          0          0          0       1177   bsp_dht11.o
       156         20          0          0        100       1291   bsp_iic_debug.o
       780         22       2072        128          0       7568   bsp_oled_debug.o
        52         10          0          4          0       1487   bsp_systick.o
        60          4          0          0          0        794   dma.o
       156         12          0          0          0        959   gpio.o
       160         28          0          0         84       1681   i2c.o
       404         48          0       1030        128     455760   main.o
         4          0          0          0          0        801   sg90.o
        64         26        236          0       1536        824   startup_stm32f103xb.o
       128         24          0         12          0       5397   stm32f1xx_hal.o
       198         14          0          0          0      29019   stm32f1xx_hal_cortex.o
       808         36          0          0          0       5086   stm32f1xx_hal_dma.o
       490         34          0          0          0       2928   stm32f1xx_hal_gpio.o
      1414         32          0          0          0       9507   stm32f1xx_hal_i2c.o
        60          8          0          0          0        898   stm32f1xx_hal_msp.o
      3094          0          0          0          0      14513   stm32f1xx_hal_pcd.o
        60          0          0          0          0       1202   stm32f1xx_hal_pcd_ex.o
      1240         84         18          0          0       5196   stm32f1xx_hal_rcc.o
       236         12          0          0          0       1412   stm32f1xx_hal_rcc_ex.o
      2720         94          0          0          0      22797   stm32f1xx_hal_tim.o
       108         12          0          0          0       2457   stm32f1xx_hal_tim_ex.o
      1752         24          0          0          0      13493   stm32f1xx_hal_uart.o
       168         46          0          0          0       6407   stm32f1xx_it.o
      2528          0          0          0          0      16371   stm32f1xx_ll_usb.o
         2          0         24          4          0       1155   system_stm32f1xx.o
       136          8          0          0          0       2087   tb6612.o
       620         52          0          0        144       3385   tim.o
       332         36          0          0        208       1944   usart.o
        84         18          0          0        708       2583   usb_device.o
       672         16          0        271          0      12540   usbd_cdc.o
       112         24          0         16       2000       2762   usbd_cdc_if.o
       556         30          0          0       1296      14545   usbd_conf.o
       670          0          0          0          0       9655   usbd_core.o
      1186         28          0          1          0       8048   usbd_ctlreq.o
       288        104          0         78        512       6061   usbd_desc.o
       132          0          0          0          0       4420   usbd_ioreq.o

    ----------------------------------------------------------------------
     21734        916       2384       1552       6716     678210   Object Totals
         0          0         32          0          0          0   (incl. Generated)
        36          0          2          8          0          0   (incl. Padding)

    ----------------------------------------------------------------------

      Code (inc. data)   RO Data    RW Data    ZI Data      Debug   Library Member Name

        90          0          0          0          0          0   __dczerorl2.o
         8          0          0          0          0         68   __main.o
         0          0          0          0          0          0   __rtentry.o
        12          0          0          0          0          0   __rtentry2.o
         6          0          0          0          0          0   __rtentry4.o
        52          8          0          0          0          0   __scatter.o
        28          0          0          0          0          0   __scatter_zi.o
        18          0          0          0          0         80   exit.o
         6          0          0          0          0        152   heapauxi.o
         0          0          0          0          0          0   indicate_semi.o
         2          0          0          0          0          0   libinit.o
         2          0          0          0          0          0   libinit2.o
         2          0          0          0          0          0   libshutdown.o
         2          0          0          0          0          0   libshutdown2.o
         8          4          0          0         96         68   libspace.o
        68          0          0          0          0         68   rt_memclr.o
        78          0          0          0          0         80   rt_memclr_w.o
       138          0          0          0          0         68   rt_memcpy_v6.o
       100          0          0          0          0         80   rt_memcpy_w.o
         2          0          0          0          0          0   rtexit.o
        10          0          0          0          0          0   rtexit2.o
        12          4          0          0          0         68   sys_exit.o
        74          0          0          0          0         80   sys_stackheap_outer.o
         2          0          0          0          0         68   use_no_semi.o

    ----------------------------------------------------------------------
       726         16          0          0        100        880   Library Totals
         6          0          0          0          4          0   (incl. Padding)

    ----------------------------------------------------------------------

      Code (inc. data)   RO Data    RW Data    ZI Data      Debug   Library Name

       720         16          0          0         96        880   c_w.l

    ----------------------------------------------------------------------
       726         16          0          0        100        880   Library Totals

    ----------------------------------------------------------------------

==============================================================================


      Code (inc. data)   RO Data    RW Data    ZI Data      Debug   

     22460        932       2384       1552       6816     666606   Grand Totals
     22460        932       2384        556       6816     666606   ELF Image Totals (compressed)
     22460        932       2384        556          0          0   ROM Totals

==============================================================================

    Total RO  Size (Code + RO Data)                24844 (  24.26kB)
    Total RW  Size (RW Data + ZI Data)              8368 (   8.17kB)
    Total ROM Size (Code + RO Data + RW Data)      25400 (  24.80kB)

==============================================================================

